[3.455s] DEBUG:colcon:Command line arguments: ['/usr/bin/colcon', 'build', '--packages-select', 'comunicacao_ros2']
[3.455s] DEBUG:colcon:Parsed command line arguments: Namespace(log_base=None, log_level=None, verb_name='build', build_base='build', install_base='install', merge_install=False, symlink_install=False, test_result_base=None, continue_on_error=False, executor='parallel', parallel_workers=2, event_handlers=None, ignore_user_meta=False, metas=['./colcon.meta'], base_paths=['.'], packages_ignore=None, packages_ignore_regex=None, paths=None, packages_up_to=None, packages_up_to_regex=None, packages_above=None, packages_above_and_dependencies=None, packages_above_depth=None, packages_select_by_dep=None, packages_skip_by_dep=None, packages_skip_up_to=None, packages_select_build_failed=False, packages_skip_build_finished=False, packages_select_test_failures=False, packages_skip_test_passed=False, packages_select=['comunicacao_ros2'], packages_skip=None, packages_select_regex=None, packages_skip_regex=None, packages_start=None, packages_end=None, allow_overriding=[], cmake_args=None, cmake_target=None, cmake_target_skip_unavailable=False, cmake_clean_cache=False, cmake_clean_first=False, cmake_force_configure=False, ament_cmake_args=None, catkin_cmake_args=None, catkin_skip_building_tests=False, mixin_files=None, mixin=None, verb_parser=<colcon_mixin.mixin.mixin_argument.MixinArgumentDecorator object at 0x7f9af3159750>, verb_extension=<colcon_core.verb.build.BuildVerb object at 0x7f9af31590c0>, main=<bound method BuildVerb.main of <colcon_core.verb.build.BuildVerb object at 0x7f9af31590c0>>, mixin_verb=('build',))
[7.030s] Level 1:colcon.colcon_core.package_discovery:discover_packages(colcon_meta) check parameters
[7.030s] Level 1:colcon.colcon_core.package_discovery:discover_packages(recursive) check parameters
[7.030s] Level 1:colcon.colcon_core.package_discovery:discover_packages(ignore) check parameters
[7.030s] Level 1:colcon.colcon_core.package_discovery:discover_packages(path) check parameters
[7.030s] Level 1:colcon.colcon_core.package_discovery:discover_packages(colcon_meta) discover
[7.030s] Level 1:colcon.colcon_core.package_discovery:discover_packages(recursive) discover
[7.030s] INFO:colcon.colcon_core.package_discovery:Crawling recursively for packages in '/home/eduardo/tp1_ws'
[7.031s] Level 1:colcon.colcon_core.package_identification:_identify(.) by extensions ['ignore', 'ignore_ament_install']
[7.031s] Level 1:colcon.colcon_core.package_identification:_identify(.) by extension 'ignore'
[7.031s] Level 1:colcon.colcon_core.package_identification:_identify(.) by extension 'ignore_ament_install'
[7.031s] Level 1:colcon.colcon_core.package_identification:_identify(.) by extensions ['colcon_pkg']
[7.031s] Level 1:colcon.colcon_core.package_identification:_identify(.) by extension 'colcon_pkg'
[7.031s] Level 1:colcon.colcon_core.package_identification:_identify(.) by extensions ['colcon_meta']
[7.031s] Level 1:colcon.colcon_core.package_identification:_identify(.) by extension 'colcon_meta'
[7.031s] Level 1:colcon.colcon_core.package_identification:_identify(.) by extensions ['ros']
[7.031s] Level 1:colcon.colcon_core.package_identification:_identify(.) by extension 'ros'
[7.097s] Level 1:colcon.colcon_core.package_identification:_identify(.) by extensions ['cmake', 'python']
[7.097s] Level 1:colcon.colcon_core.package_identification:_identify(.) by extension 'cmake'
[7.098s] Level 1:colcon.colcon_core.package_identification:_identify(.) by extension 'python'
[7.098s] Level 1:colcon.colcon_core.package_identification:_identify(.) by extensions ['python_setup_py']
[7.098s] Level 1:colcon.colcon_core.package_identification:_identify(.) by extension 'python_setup_py'
[7.098s] Level 1:colcon.colcon_core.package_identification:_identify(build) by extensions ['ignore', 'ignore_ament_install']
[7.098s] Level 1:colcon.colcon_core.package_identification:_identify(build) by extension 'ignore'
[7.098s] Level 1:colcon.colcon_core.package_identification:_identify(build) ignored
[7.099s] Level 1:colcon.colcon_core.package_identification:_identify(install) by extensions ['ignore', 'ignore_ament_install']
[7.099s] Level 1:colcon.colcon_core.package_identification:_identify(install) by extension 'ignore'
[7.099s] Level 1:colcon.colcon_core.package_identification:_identify(install) ignored
[7.099s] Level 1:colcon.colcon_core.package_identification:_identify(log) by extensions ['ignore', 'ignore_ament_install']
[7.099s] Level 1:colcon.colcon_core.package_identification:_identify(log) by extension 'ignore'
[7.099s] Level 1:colcon.colcon_core.package_identification:_identify(log) ignored
[7.111s] Level 1:colcon.colcon_core.package_identification:_identify(src) by extensions ['ignore', 'ignore_ament_install']
[7.111s] Level 1:colcon.colcon_core.package_identification:_identify(src) by extension 'ignore'
[7.111s] Level 1:colcon.colcon_core.package_identification:_identify(src) by extension 'ignore_ament_install'
[7.111s] Level 1:colcon.colcon_core.package_identification:_identify(src) by extensions ['colcon_pkg']
[7.111s] Level 1:colcon.colcon_core.package_identification:_identify(src) by extension 'colcon_pkg'
[7.111s] Level 1:colcon.colcon_core.package_identification:_identify(src) by extensions ['colcon_meta']
[7.112s] Level 1:colcon.colcon_core.package_identification:_identify(src) by extension 'colcon_meta'
[7.112s] Level 1:colcon.colcon_core.package_identification:_identify(src) by extensions ['ros']
[7.112s] Level 1:colcon.colcon_core.package_identification:_identify(src) by extension 'ros'
[7.112s] Level 1:colcon.colcon_core.package_identification:_identify(src) by extensions ['cmake', 'python']
[7.112s] Level 1:colcon.colcon_core.package_identification:_identify(src) by extension 'cmake'
[7.112s] Level 1:colcon.colcon_core.package_identification:_identify(src) by extension 'python'
[7.112s] Level 1:colcon.colcon_core.package_identification:_identify(src) by extensions ['python_setup_py']
[7.112s] Level 1:colcon.colcon_core.package_identification:_identify(src) by extension 'python_setup_py'
[7.121s] Level 1:colcon.colcon_core.package_identification:_identify(src/comunicacao_ros2) by extensions ['ignore', 'ignore_ament_install']
[7.121s] Level 1:colcon.colcon_core.package_identification:_identify(src/comunicacao_ros2) by extension 'ignore'
[7.121s] Level 1:colcon.colcon_core.package_identification:_identify(src/comunicacao_ros2) by extension 'ignore_ament_install'
[7.121s] Level 1:colcon.colcon_core.package_identification:_identify(src/comunicacao_ros2) by extensions ['colcon_pkg']
[7.121s] Level 1:colcon.colcon_core.package_identification:_identify(src/comunicacao_ros2) by extension 'colcon_pkg'
[7.121s] Level 1:colcon.colcon_core.package_identification:_identify(src/comunicacao_ros2) by extensions ['colcon_meta']
[7.121s] Level 1:colcon.colcon_core.package_identification:_identify(src/comunicacao_ros2) by extension 'colcon_meta'
[7.121s] Level 1:colcon.colcon_core.package_identification:_identify(src/comunicacao_ros2) by extensions ['ros']
[7.121s] Level 1:colcon.colcon_core.package_identification:_identify(src/comunicacao_ros2) by extension 'ros'
[7.153s] DEBUG:colcon.colcon_core.package_identification:Package 'src/comunicacao_ros2' with type 'ros.ament_python' and name 'comunicacao_ros2'
[7.153s] Level 1:colcon.colcon_core.package_discovery:discover_packages(recursive) using defaults
[7.154s] Level 1:colcon.colcon_core.package_discovery:discover_packages(ignore) discover
[7.154s] Level 1:colcon.colcon_core.package_discovery:discover_packages(ignore) using defaults
[7.154s] Level 1:colcon.colcon_core.package_discovery:discover_packages(path) discover
[7.154s] Level 1:colcon.colcon_core.package_discovery:discover_packages(path) using defaults
[7.439s] Level 1:colcon.colcon_core.package_discovery:discover_packages(prefix_path) check parameters
[7.439s] Level 1:colcon.colcon_core.package_discovery:discover_packages(prefix_path) discover
[7.463s] DEBUG:colcon.colcon_installed_package_information.package_discovery:Found 285 installed packages in /opt/ros/humble
[7.465s] Level 1:colcon.colcon_core.package_discovery:discover_packages(prefix_path) using defaults
[7.567s] Level 5:colcon.colcon_core.verb:set package 'comunicacao_ros2' build argument 'cmake_args' from command line to 'None'
[7.567s] Level 5:colcon.colcon_core.verb:set package 'comunicacao_ros2' build argument 'cmake_target' from command line to 'None'
[7.567s] Level 5:colcon.colcon_core.verb:set package 'comunicacao_ros2' build argument 'cmake_target_skip_unavailable' from command line to 'False'
[7.567s] Level 5:colcon.colcon_core.verb:set package 'comunicacao_ros2' build argument 'cmake_clean_cache' from command line to 'False'
[7.567s] Level 5:colcon.colcon_core.verb:set package 'comunicacao_ros2' build argument 'cmake_clean_first' from command line to 'False'
[7.568s] Level 5:colcon.colcon_core.verb:set package 'comunicacao_ros2' build argument 'cmake_force_configure' from command line to 'False'
[7.568s] Level 5:colcon.colcon_core.verb:set package 'comunicacao_ros2' build argument 'ament_cmake_args' from command line to 'None'
[7.568s] Level 5:colcon.colcon_core.verb:set package 'comunicacao_ros2' build argument 'catkin_cmake_args' from command line to 'None'
[7.568s] Level 5:colcon.colcon_core.verb:set package 'comunicacao_ros2' build argument 'catkin_skip_building_tests' from command line to 'False'
[7.568s] DEBUG:colcon.colcon_core.verb:Building package 'comunicacao_ros2' with the following arguments: {'ament_cmake_args': None, 'build_base': '/home/eduardo/tp1_ws/build/comunicacao_ros2', 'catkin_cmake_args': None, 'catkin_skip_building_tests': False, 'cmake_args': None, 'cmake_clean_cache': False, 'cmake_clean_first': False, 'cmake_force_configure': False, 'cmake_target': None, 'cmake_target_skip_unavailable': False, 'install_base': '/home/eduardo/tp1_ws/install/comunicacao_ros2', 'merge_install': False, 'path': '/home/eduardo/tp1_ws/src/comunicacao_ros2', 'symlink_install': False, 'test_result_base': None}
[7.568s] INFO:colcon.colcon_core.executor:Executing jobs using 'parallel' executor
[7.570s] DEBUG:colcon.colcon_parallel_executor.executor.parallel:run_until_complete
[7.570s] INFO:colcon.colcon_ros.task.ament_python.build:Building ROS package in '/home/eduardo/tp1_ws/src/comunicacao_ros2' with build type 'ament_python'
[7.570s] Level 1:colcon.colcon_core.shell:create_environment_hook('comunicacao_ros2', 'ament_prefix_path')
[7.600s] INFO:colcon.colcon_core.plugin_system:Skipping extension 'colcon_core.shell.bat': Not used on non-Windows systems
[7.600s] INFO:colcon.colcon_core.shell:Creating environment hook '/home/eduardo/tp1_ws/install/comunicacao_ros2/share/comunicacao_ros2/hook/ament_prefix_path.ps1'
[7.621s] INFO:colcon.colcon_core.shell:Creating environment descriptor '/home/eduardo/tp1_ws/install/comunicacao_ros2/share/comunicacao_ros2/hook/ament_prefix_path.dsv'
[7.630s] INFO:colcon.colcon_core.shell:Creating environment hook '/home/eduardo/tp1_ws/install/comunicacao_ros2/share/comunicacao_ros2/hook/ament_prefix_path.sh'
[7.634s] INFO:colcon.colcon_core.shell:Skip shell extension 'powershell' for command environment: Not usable outside of PowerShell
[7.634s] DEBUG:colcon.colcon_core.shell:Skip shell extension 'dsv' for command environment
[8.351s] INFO:colcon.colcon_core.task.python.build:Building Python package in '/home/eduardo/tp1_ws/src/comunicacao_ros2'
[8.352s] INFO:colcon.colcon_core.shell:Skip shell extension 'powershell' for command environment: Not usable outside of PowerShell
[8.352s] DEBUG:colcon.colcon_core.shell:Skip shell extension 'dsv' for command environment
[9.614s] DEBUG:colcon.colcon_core.task.python.build:Available setuptools commands: easy_install, bdist_egg, upload_docs, develop, symlink_data, build, test, install, check, saveopts, egg_info, build_scripts, install_lib, alias, build_ext, build_clib, install_headers, bdist, clean, sdist, upload, bdist_dumb, install_data, rotate, register, bdist_rpm, install_egg_info, build_py, dist_info, setopt, install_scripts
[9.677s] DEBUG:colcon.colcon_core.event_handler.log_command:Invoking command in '/home/eduardo/tp1_ws/src/comunicacao_ros2': PYTHONPATH=/home/eduardo/tp1_ws/build/comunicacao_ros2/prefix_override:/usr/lib/python3/dist-packages/colcon_core/task/python/colcon_distutils_commands:/home/eduardo/tp1_ws/install/comunicacao_ros2/lib/python3.10/site-packages:${PYTHONPATH} /usr/bin/python3 -W ignore:setup.py install is deprecated -W ignore:easy_install command is deprecated setup.py egg_info --egg-base ../../build/comunicacao_ros2 build --build-base /home/eduardo/tp1_ws/build/comunicacao_ros2/build install --record /home/eduardo/tp1_ws/build/comunicacao_ros2/install.log --install-scripts $base/lib/comunicacao_ros2 --single-version-externally-managed install_data
[10.548s] DEBUG:colcon.colcon_core.event_handler.log_command:Invoked command in '/home/eduardo/tp1_ws/src/comunicacao_ros2' returned '0': PYTHONPATH=/home/eduardo/tp1_ws/build/comunicacao_ros2/prefix_override:/usr/lib/python3/dist-packages/colcon_core/task/python/colcon_distutils_commands:/home/eduardo/tp1_ws/install/comunicacao_ros2/lib/python3.10/site-packages:${PYTHONPATH} /usr/bin/python3 -W ignore:setup.py install is deprecated -W ignore:easy_install command is deprecated setup.py egg_info --egg-base ../../build/comunicacao_ros2 build --build-base /home/eduardo/tp1_ws/build/comunicacao_ros2/build install --record /home/eduardo/tp1_ws/build/comunicacao_ros2/install.log --install-scripts $base/lib/comunicacao_ros2 --single-version-externally-managed install_data
[10.651s] Level 1:colcon.colcon_core.environment:checking '/home/eduardo/tp1_ws/install/comunicacao_ros2' for CMake module files
[10.652s] Level 1:colcon.colcon_core.environment:checking '/home/eduardo/tp1_ws/install/comunicacao_ros2' for CMake config files
[10.660s] Level 1:colcon.colcon_core.environment:checking '/home/eduardo/tp1_ws/install/comunicacao_ros2/lib'
[10.661s] Level 1:colcon.colcon_core.environment:checking '/home/eduardo/tp1_ws/install/comunicacao_ros2/bin'
[10.661s] Level 1:colcon.colcon_core.environment:checking '/home/eduardo/tp1_ws/install/comunicacao_ros2/lib/pkgconfig/comunicacao_ros2.pc'
[10.661s] Level 1:colcon.colcon_core.environment:checking '/home/eduardo/tp1_ws/install/comunicacao_ros2/lib/python3.10/site-packages'
[10.661s] Level 1:colcon.colcon_core.shell:create_environment_hook('comunicacao_ros2', 'pythonpath')
[10.662s] INFO:colcon.colcon_core.shell:Creating environment hook '/home/eduardo/tp1_ws/install/comunicacao_ros2/share/comunicacao_ros2/hook/pythonpath.ps1'
[10.664s] INFO:colcon.colcon_core.shell:Creating environment descriptor '/home/eduardo/tp1_ws/install/comunicacao_ros2/share/comunicacao_ros2/hook/pythonpath.dsv'
[10.666s] INFO:colcon.colcon_core.shell:Creating environment hook '/home/eduardo/tp1_ws/install/comunicacao_ros2/share/comunicacao_ros2/hook/pythonpath.sh'
[10.668s] Level 1:colcon.colcon_core.environment:checking '/home/eduardo/tp1_ws/install/comunicacao_ros2/bin'
[10.668s] Level 1:colcon.colcon_core.environment:create_environment_scripts_only(comunicacao_ros2)
[10.669s] INFO:colcon.colcon_core.shell:Creating package script '/home/eduardo/tp1_ws/install/comunicacao_ros2/share/comunicacao_ros2/package.ps1'
[10.684s] INFO:colcon.colcon_core.shell:Creating package descriptor '/home/eduardo/tp1_ws/install/comunicacao_ros2/share/comunicacao_ros2/package.dsv'
[10.688s] INFO:colcon.colcon_core.shell:Creating package script '/home/eduardo/tp1_ws/install/comunicacao_ros2/share/comunicacao_ros2/package.sh'
[10.692s] INFO:colcon.colcon_core.shell:Creating package script '/home/eduardo/tp1_ws/install/comunicacao_ros2/share/comunicacao_ros2/package.bash'
[10.706s] INFO:colcon.colcon_core.shell:Creating package script '/home/eduardo/tp1_ws/install/comunicacao_ros2/share/comunicacao_ros2/package.zsh'
[10.712s] Level 1:colcon.colcon_core.environment:create_file_with_runtime_dependencies(/home/eduardo/tp1_ws/install/comunicacao_ros2/share/colcon-core/packages/comunicacao_ros2)
[10.715s] DEBUG:colcon.colcon_parallel_executor.executor.parallel:closing loop
[10.716s] DEBUG:colcon.colcon_parallel_executor.executor.parallel:loop closed
[10.716s] DEBUG:colcon.colcon_parallel_executor.executor.parallel:run_until_complete finished with '0'
[10.716s] DEBUG:colcon.colcon_core.event_reactor:joining thread
[10.737s] INFO:colcon.colcon_core.plugin_system:Skipping extension 'colcon_notification.desktop_notification.terminal_notifier': Not used on non-Darwin systems
[10.738s] INFO:colcon.colcon_core.plugin_system:Skipping extension 'colcon_notification.desktop_notification.win32': Not used on non-Windows systems
[10.738s] INFO:colcon.colcon_notification.desktop_notification:Sending desktop notification using 'notify2'
[10.811s] DEBUG:colcon.colcon_core.event_reactor:joined thread
[10.812s] INFO:colcon.colcon_core.shell:Creating prefix script '/home/eduardo/tp1_ws/install/local_setup.ps1'
[10.826s] INFO:colcon.colcon_core.shell:Creating prefix util module '/home/eduardo/tp1_ws/install/_local_setup_util_ps1.py'
[10.831s] INFO:colcon.colcon_core.shell:Creating prefix chain script '/home/eduardo/tp1_ws/install/setup.ps1'
[10.845s] INFO:colcon.colcon_core.shell:Creating prefix script '/home/eduardo/tp1_ws/install/local_setup.sh'
[10.849s] INFO:colcon.colcon_core.shell:Creating prefix util module '/home/eduardo/tp1_ws/install/_local_setup_util_sh.py'
[10.851s] INFO:colcon.colcon_core.shell:Creating prefix chain script '/home/eduardo/tp1_ws/install/setup.sh'
[10.854s] INFO:colcon.colcon_core.shell:Creating prefix script '/home/eduardo/tp1_ws/install/local_setup.bash'
[10.860s] INFO:colcon.colcon_core.shell:Creating prefix chain script '/home/eduardo/tp1_ws/install/setup.bash'
[10.865s] INFO:colcon.colcon_core.shell:Creating prefix script '/home/eduardo/tp1_ws/install/local_setup.zsh'
[10.869s] INFO:colcon.colcon_core.shell:Creating prefix chain script '/home/eduardo/tp1_ws/install/setup.zsh'
