[1.156s] Invoking command in '/home/eduardo/tp1_ws/src/comunicacao_ros2': PYTHONPATH=/home/eduardo/tp1_ws/build/comunicacao_ros2/prefix_override:/usr/lib/python3/dist-packages/colcon_core/task/python/colcon_distutils_commands:/home/eduardo/tp1_ws/install/comunicacao_ros2/lib/python3.10/site-packages:${PYTHONPATH} /usr/bin/python3 -W ignore:setup.py install is deprecated -W ignore:easy_install command is deprecated setup.py egg_info --egg-base ../../build/comunicacao_ros2 build --build-base /home/eduardo/tp1_ws/build/comunicacao_ros2/build install --record /home/eduardo/tp1_ws/build/comunicacao_ros2/install.log --install-scripts $base/lib/comunicacao_ros2 --single-version-externally-managed install_data
[1.539s] running egg_info
[1.552s] writing ../../build/comunicacao_ros2/comunicacao_ros2.egg-info/PKG-INFO
[1.553s] writing dependency_links to ../../build/comunicacao_ros2/comunicacao_ros2.egg-info/dependency_links.txt
[1.567s] writing entry points to ../../build/comunicacao_ros2/comunicacao_ros2.egg-info/entry_points.txt
[1.583s] writing requirements to ../../build/comunicacao_ros2/comunicacao_ros2.egg-info/requires.txt
[1.583s] writing top-level names to ../../build/comunicacao_ros2/comunicacao_ros2.egg-info/top_level.txt
[1.583s] reading manifest file '../../build/comunicacao_ros2/comunicacao_ros2.egg-info/SOURCES.txt'
[1.583s] writing manifest file '../../build/comunicacao_ros2/comunicacao_ros2.egg-info/SOURCES.txt'
[1.585s] running build
[1.585s] running build_py
[1.585s] running install
[1.585s] running install_lib
[1.605s] running install_data
[1.606s] running install_egg_info
[1.622s] removing '/home/eduardo/tp1_ws/install/comunicacao_ros2/lib/python3.10/site-packages/comunicacao_ros2-0.0.0-py3.10.egg-info' (and everything under it)
[1.631s] Copying ../../build/comunicacao_ros2/comunicacao_ros2.egg-info to /home/eduardo/tp1_ws/install/comunicacao_ros2/lib/python3.10/site-packages/comunicacao_ros2-0.0.0-py3.10.egg-info
[1.631s] running install_scripts
[1.670s] Installing velocidade_pub script to /home/eduardo/tp1_ws/install/comunicacao_ros2/lib/comunicacao_ros2
[1.674s] writing list of installed files to '/home/eduardo/tp1_ws/build/comunicacao_ros2/install.log'
[1.722s] Invoked command in '/home/eduardo/tp1_ws/src/comunicacao_ros2' returned '0': PYTHONPATH=/home/eduardo/tp1_ws/build/comunicacao_ros2/prefix_override:/usr/lib/python3/dist-packages/colcon_core/task/python/colcon_distutils_commands:/home/eduardo/tp1_ws/install/comunicacao_ros2/lib/python3.10/site-packages:${PYTHONPATH} /usr/bin/python3 -W ignore:setup.py install is deprecated -W ignore:easy_install command is deprecated setup.py egg_info --egg-base ../../build/comunicacao_ros2 build --build-base /home/eduardo/tp1_ws/build/comunicacao_ros2/build install --record /home/eduardo/tp1_ws/build/comunicacao_ros2/install.log --install-scripts $base/lib/comunicacao_ros2 --single-version-externally-managed install_data
