[1.682s] Invoking command in '/home/eduardo/tp1_ws/src/comunicacao_ros2': PYTHONPATH=/home/eduardo/tp1_ws/build/comunicacao_ros2/prefix_override:/usr/lib/python3/dist-packages/colcon_core/task/python/colcon_distutils_commands:/home/eduardo/tp1_ws/install/comunicacao_ros2/lib/python3.10/site-packages:${PYTHONPATH} /usr/bin/python3 -W ignore:setup.py install is deprecated -W ignore:easy_install command is deprecated setup.py egg_info --egg-base ../../build/comunicacao_ros2 build --build-base /home/eduardo/tp1_ws/build/comunicacao_ros2/build install --record /home/eduardo/tp1_ws/build/comunicacao_ros2/install.log --install-scripts $base/lib/comunicacao_ros2 --single-version-externally-managed install_data
[2.061s] running egg_info
[2.066s] writing ../../build/comunicacao_ros2/comunicacao_ros2.egg-info/PKG-INFO
[2.067s] writing dependency_links to ../../build/comunicacao_ros2/comunicacao_ros2.egg-info/dependency_links.txt
[2.068s] writing entry points to ../../build/comunicacao_ros2/comunicacao_ros2.egg-info/entry_points.txt
[2.068s] writing requirements to ../../build/comunicacao_ros2/comunicacao_ros2.egg-info/requires.txt
[2.071s] writing top-level names to ../../build/comunicacao_ros2/comunicacao_ros2.egg-info/top_level.txt
[2.075s] reading manifest file '../../build/comunicacao_ros2/comunicacao_ros2.egg-info/SOURCES.txt'
[2.092s] writing manifest file '../../build/comunicacao_ros2/comunicacao_ros2.egg-info/SOURCES.txt'
[2.093s] running build
[2.093s] running build_py
[2.101s] running install
[2.101s] running install_lib
[2.101s] running install_data
[2.101s] creating /home/eduardo/tp1_ws/install/comunicacao_ros2/share/comunicacao_ros2/launch
[2.102s] copying launch/robo_hospitalar_launch.py -> /home/eduardo/tp1_ws/install/comunicacao_ros2/share/comunicacao_ros2/launch
[2.103s] copying launch/hospital_gazebo_launch.py -> /home/eduardo/tp1_ws/install/comunicacao_ros2/share/comunicacao_ros2/launch
[2.103s] creating /home/eduardo/tp1_ws/install/comunicacao_ros2/share/comunicacao_ros2/urdf
[2.104s] copying urdf/robo_hospitalar.urdf -> /home/eduardo/tp1_ws/install/comunicacao_ros2/share/comunicacao_ros2/urdf
[2.118s] running install_egg_info
[2.118s] removing '/home/eduardo/tp1_ws/install/comunicacao_ros2/lib/python3.10/site-packages/comunicacao_ros2-0.0.0-py3.10.egg-info' (and everything under it)
[2.124s] Copying ../../build/comunicacao_ros2/comunicacao_ros2.egg-info to /home/eduardo/tp1_ws/install/comunicacao_ros2/lib/python3.10/site-packages/comunicacao_ros2-0.0.0-py3.10.egg-info
[2.140s] running install_scripts
[2.173s] Installing controlador script to /home/eduardo/tp1_ws/install/comunicacao_ros2/lib/comunicacao_ros2
[2.173s] Installing coordenador_vigilancia script to /home/eduardo/tp1_ws/install/comunicacao_ros2/lib/comunicacao_ros2
[2.173s] Installing estado_robo script to /home/eduardo/tp1_ws/install/comunicacao_ros2/lib/comunicacao_ros2
[2.174s] Installing modo_client script to /home/eduardo/tp1_ws/install/comunicacao_ros2/lib/comunicacao_ros2
[2.175s] Installing modo_server script to /home/eduardo/tp1_ws/install/comunicacao_ros2/lib/comunicacao_ros2
[2.175s] Installing monitor_transporte script to /home/eduardo/tp1_ws/install/comunicacao_ros2/lib/comunicacao_ros2
[2.177s] Installing monitor_velocidade script to /home/eduardo/tp1_ws/install/comunicacao_ros2/lib/comunicacao_ros2
[2.178s] Installing patrulha_client script to /home/eduardo/tp1_ws/install/comunicacao_ros2/lib/comunicacao_ros2
[2.179s] Installing patrulha_server script to /home/eduardo/tp1_ws/install/comunicacao_ros2/lib/comunicacao_ros2
[2.180s] Installing velocidade_pub script to /home/eduardo/tp1_ws/install/comunicacao_ros2/lib/comunicacao_ros2
[2.182s] writing list of installed files to '/home/eduardo/tp1_ws/build/comunicacao_ros2/install.log'
[2.213s] Invoked command in '/home/eduardo/tp1_ws/src/comunicacao_ros2' returned '0': PYTHONPATH=/home/eduardo/tp1_ws/build/comunicacao_ros2/prefix_override:/usr/lib/python3/dist-packages/colcon_core/task/python/colcon_distutils_commands:/home/eduardo/tp1_ws/install/comunicacao_ros2/lib/python3.10/site-packages:${PYTHONPATH} /usr/bin/python3 -W ignore:setup.py install is deprecated -W ignore:easy_install command is deprecated setup.py egg_info --egg-base ../../build/comunicacao_ros2 build --build-base /home/eduardo/tp1_ws/build/comunicacao_ros2/build install --record /home/eduardo/tp1_ws/build/comunicacao_ros2/install.log --install-scripts $base/lib/comunicacao_ros2 --single-version-externally-managed install_data
