[2.335s] Invoking command in '/home/eduardo/tp1_ws/src/comunicacao_ros2': PYTHONPATH=/home/eduardo/tp1_ws/build/comunicacao_ros2/prefix_override:/usr/lib/python3/dist-packages/colcon_core/task/python/colcon_distutils_commands:/home/eduardo/tp1_ws/install/comunicacao_ros2/lib/python3.10/site-packages:${PYTHONPATH} /usr/bin/python3 -W ignore:setup.py install is deprecated -W ignore:easy_install command is deprecated setup.py egg_info --egg-base ../../build/comunicacao_ros2 build --build-base /home/eduardo/tp1_ws/build/comunicacao_ros2/build install --record /home/eduardo/tp1_ws/build/comunicacao_ros2/install.log --install-scripts $base/lib/comunicacao_ros2 --single-version-externally-managed install_data
[3.183s] running egg_info
[3.190s] writing ../../build/comunicacao_ros2/comunicacao_ros2.egg-info/PKG-INFO
[3.190s] writing dependency_links to ../../build/comunicacao_ros2/comunicacao_ros2.egg-info/dependency_links.txt
[3.190s] writing entry points to ../../build/comunicacao_ros2/comunicacao_ros2.egg-info/entry_points.txt
[3.190s] writing requirements to ../../build/comunicacao_ros2/comunicacao_ros2.egg-info/requires.txt
[3.190s] writing top-level names to ../../build/comunicacao_ros2/comunicacao_ros2.egg-info/top_level.txt
[3.191s] reading manifest file '../../build/comunicacao_ros2/comunicacao_ros2.egg-info/SOURCES.txt'
[3.201s] writing manifest file '../../build/comunicacao_ros2/comunicacao_ros2.egg-info/SOURCES.txt'
[3.203s] running build
[3.204s] running build_py
[3.205s] running install
[3.205s] running install_lib
[3.209s] running install_data
[3.210s] running install_egg_info
[3.215s] removing '/home/eduardo/tp1_ws/install/comunicacao_ros2/lib/python3.10/site-packages/comunicacao_ros2-0.0.0-py3.10.egg-info' (and everything under it)
[3.218s] Copying ../../build/comunicacao_ros2/comunicacao_ros2.egg-info to /home/eduardo/tp1_ws/install/comunicacao_ros2/lib/python3.10/site-packages/comunicacao_ros2-0.0.0-py3.10.egg-info
[3.228s] running install_scripts
[3.273s] Installing controlador script to /home/eduardo/tp1_ws/install/comunicacao_ros2/lib/comunicacao_ros2
[3.299s] Installing coordenador_vigilancia script to /home/eduardo/tp1_ws/install/comunicacao_ros2/lib/comunicacao_ros2
[3.299s] Installing estado_robo script to /home/eduardo/tp1_ws/install/comunicacao_ros2/lib/comunicacao_ros2
[3.300s] Installing modo_client script to /home/eduardo/tp1_ws/install/comunicacao_ros2/lib/comunicacao_ros2
[3.300s] Installing modo_server script to /home/eduardo/tp1_ws/install/comunicacao_ros2/lib/comunicacao_ros2
[3.300s] Installing monitor_transporte script to /home/eduardo/tp1_ws/install/comunicacao_ros2/lib/comunicacao_ros2
[3.300s] Installing monitor_velocidade script to /home/eduardo/tp1_ws/install/comunicacao_ros2/lib/comunicacao_ros2
[3.301s] Installing patrulha_client script to /home/eduardo/tp1_ws/install/comunicacao_ros2/lib/comunicacao_ros2
[3.301s] Installing patrulha_server script to /home/eduardo/tp1_ws/install/comunicacao_ros2/lib/comunicacao_ros2
[3.301s] Installing velocidade_pub script to /home/eduardo/tp1_ws/install/comunicacao_ros2/lib/comunicacao_ros2
[3.301s] writing list of installed files to '/home/eduardo/tp1_ws/build/comunicacao_ros2/install.log'
[3.388s] Invoked command in '/home/eduardo/tp1_ws/src/comunicacao_ros2' returned '0': PYTHONPATH=/home/eduardo/tp1_ws/build/comunicacao_ros2/prefix_override:/usr/lib/python3/dist-packages/colcon_core/task/python/colcon_distutils_commands:/home/eduardo/tp1_ws/install/comunicacao_ros2/lib/python3.10/site-packages:${PYTHONPATH} /usr/bin/python3 -W ignore:setup.py install is deprecated -W ignore:easy_install command is deprecated setup.py egg_info --egg-base ../../build/comunicacao_ros2 build --build-base /home/eduardo/tp1_ws/build/comunicacao_ros2/build install --record /home/eduardo/tp1_ws/build/comunicacao_ros2/install.log --install-scripts $base/lib/comunicacao_ros2 --single-version-externally-managed install_data
