[1.617s] Invoking command in '/home/eduardo/tp1_ws/src/comunicacao_ros2': PYTHONPATH=/home/eduardo/tp1_ws/build/comunicacao_ros2/prefix_override:/usr/lib/python3/dist-packages/colcon_core/task/python/colcon_distutils_commands:/home/eduardo/tp1_ws/install/comunicacao_ros2/lib/python3.10/site-packages:${PYTHONPATH} /usr/bin/python3 -W ignore:setup.py install is deprecated -W ignore:easy_install command is deprecated setup.py egg_info --egg-base ../../build/comunicacao_ros2 build --build-base /home/eduardo/tp1_ws/build/comunicacao_ros2/build install --record /home/eduardo/tp1_ws/build/comunicacao_ros2/install.log --install-scripts $base/lib/comunicacao_ros2 --single-version-externally-managed install_data
[1.988s] running egg_info
[1.990s] writing ../../build/comunicacao_ros2/comunicacao_ros2.egg-info/PKG-INFO
[1.994s] writing dependency_links to ../../build/comunicacao_ros2/comunicacao_ros2.egg-info/dependency_links.txt
[2.002s] writing entry points to ../../build/comunicacao_ros2/comunicacao_ros2.egg-info/entry_points.txt
[2.004s] writing requirements to ../../build/comunicacao_ros2/comunicacao_ros2.egg-info/requires.txt
[2.007s] writing top-level names to ../../build/comunicacao_ros2/comunicacao_ros2.egg-info/top_level.txt
[2.016s] reading manifest file '../../build/comunicacao_ros2/comunicacao_ros2.egg-info/SOURCES.txt'
[2.019s] writing manifest file '../../build/comunicacao_ros2/comunicacao_ros2.egg-info/SOURCES.txt'
[2.026s] running build
[2.026s] running build_py
[2.032s] copying comunicacao_ros2/patrulha_client.py -> /home/eduardo/tp1_ws/build/comunicacao_ros2/build/lib/comunicacao_ros2
[2.032s] copying comunicacao_ros2/estado_robo.py -> /home/eduardo/tp1_ws/build/comunicacao_ros2/build/lib/comunicacao_ros2
[2.032s] copying comunicacao_ros2/patrulha_server.py -> /home/eduardo/tp1_ws/build/comunicacao_ros2/build/lib/comunicacao_ros2
[2.032s] running install
[2.032s] running install_lib
[2.033s] copying /home/eduardo/tp1_ws/build/comunicacao_ros2/build/lib/comunicacao_ros2/patrulha_client.py -> /home/eduardo/tp1_ws/install/comunicacao_ros2/lib/python3.10/site-packages/comunicacao_ros2
[2.036s] copying /home/eduardo/tp1_ws/build/comunicacao_ros2/build/lib/comunicacao_ros2/estado_robo.py -> /home/eduardo/tp1_ws/install/comunicacao_ros2/lib/python3.10/site-packages/comunicacao_ros2
[2.036s] copying /home/eduardo/tp1_ws/build/comunicacao_ros2/build/lib/comunicacao_ros2/patrulha_server.py -> /home/eduardo/tp1_ws/install/comunicacao_ros2/lib/python3.10/site-packages/comunicacao_ros2
[2.037s] byte-compiling /home/eduardo/tp1_ws/install/comunicacao_ros2/lib/python3.10/site-packages/comunicacao_ros2/patrulha_client.py to patrulha_client.cpython-310.pyc
[2.038s] byte-compiling /home/eduardo/tp1_ws/install/comunicacao_ros2/lib/python3.10/site-packages/comunicacao_ros2/estado_robo.py to estado_robo.cpython-310.pyc
[2.039s] byte-compiling /home/eduardo/tp1_ws/install/comunicacao_ros2/lib/python3.10/site-packages/comunicacao_ros2/patrulha_server.py to patrulha_server.cpython-310.pyc
[2.040s]   File "/home/eduardo/tp1_ws/install/comunicacao_ros2/lib/python3.10/site-packages/comunicacao_ros2/estado_robo.py", line 16
[2.040s]     self.
[2.041s]          ^
[2.041s] SyntaxError: invalid syntax
[2.041s] 
[2.041s] Sorry: IndentationError: unexpected indent (patrulha_server.py, line 19)
[2.042s] running install_data
[2.044s] running install_egg_info
[2.048s] removing '/home/eduardo/tp1_ws/install/comunicacao_ros2/lib/python3.10/site-packages/comunicacao_ros2-0.0.0-py3.10.egg-info' (and everything under it)
[2.050s] Copying ../../build/comunicacao_ros2/comunicacao_ros2.egg-info to /home/eduardo/tp1_ws/install/comunicacao_ros2/lib/python3.10/site-packages/comunicacao_ros2-0.0.0-py3.10.egg-info
[2.063s] running install_scripts
[2.100s] Installing controlador script to /home/eduardo/tp1_ws/install/comunicacao_ros2/lib/comunicacao_ros2
[2.101s] Installing estado_robo script to /home/eduardo/tp1_ws/install/comunicacao_ros2/lib/comunicacao_ros2
[2.103s] Installing modo_client script to /home/eduardo/tp1_ws/install/comunicacao_ros2/lib/comunicacao_ros2
[2.104s] Installing modo_server script to /home/eduardo/tp1_ws/install/comunicacao_ros2/lib/comunicacao_ros2
[2.105s] Installing monitor_velocidade script to /home/eduardo/tp1_ws/install/comunicacao_ros2/lib/comunicacao_ros2
[2.106s] Installing patrulha_client script to /home/eduardo/tp1_ws/install/comunicacao_ros2/lib/comunicacao_ros2
[2.106s] Installing patrulha_server script to /home/eduardo/tp1_ws/install/comunicacao_ros2/lib/comunicacao_ros2
[2.106s] Installing velocidade_pub script to /home/eduardo/tp1_ws/install/comunicacao_ros2/lib/comunicacao_ros2
[2.108s] writing list of installed files to '/home/eduardo/tp1_ws/build/comunicacao_ros2/install.log'
[2.151s] Invoked command in '/home/eduardo/tp1_ws/src/comunicacao_ros2' returned '0': PYTHONPATH=/home/eduardo/tp1_ws/build/comunicacao_ros2/prefix_override:/usr/lib/python3/dist-packages/colcon_core/task/python/colcon_distutils_commands:/home/eduardo/tp1_ws/install/comunicacao_ros2/lib/python3.10/site-packages:${PYTHONPATH} /usr/bin/python3 -W ignore:setup.py install is deprecated -W ignore:easy_install command is deprecated setup.py egg_info --egg-base ../../build/comunicacao_ros2 build --build-base /home/eduardo/tp1_ws/build/comunicacao_ros2/build install --record /home/eduardo/tp1_ws/build/comunicacao_ros2/install.log --install-scripts $base/lib/comunicacao_ros2 --single-version-externally-managed install_data
