/home/eduardo/tp1_ws/install/comunicacao_ros2/lib/python3.10/site-packages/comunicacao_ros2/patrulha_client.py
/home/eduardo/tp1_ws/install/comunicacao_ros2/lib/python3.10/site-packages/comunicacao_ros2/modo_client.py
/home/eduardo/tp1_ws/install/comunicacao_ros2/lib/python3.10/site-packages/comunicacao_ros2/monitor_velocidade.py
/home/eduardo/tp1_ws/install/comunicacao_ros2/lib/python3.10/site-packages/comunicacao_ros2/__init__.py
/home/eduardo/tp1_ws/install/comunicacao_ros2/lib/python3.10/site-packages/comunicacao_ros2/monitor_transporte.py
/home/eduardo/tp1_ws/install/comunicacao_ros2/lib/python3.10/site-packages/comunicacao_ros2/estado_robo.py
/home/eduardo/tp1_ws/install/comunicacao_ros2/lib/python3.10/site-packages/comunicacao_ros2/velocidade_pub.py
/home/eduardo/tp1_ws/install/comunicacao_ros2/lib/python3.10/site-packages/comunicacao_ros2/patrulha_server.py
/home/eduardo/tp1_ws/install/comunicacao_ros2/lib/python3.10/site-packages/comunicacao_ros2/modo_server.py
/home/eduardo/tp1_ws/install/comunicacao_ros2/lib/python3.10/site-packages/comunicacao_ros2/coordenador_vigilancia.py
/home/eduardo/tp1_ws/install/comunicacao_ros2/lib/python3.10/site-packages/comunicacao_ros2/controlador.py
/home/eduardo/tp1_ws/install/comunicacao_ros2/lib/python3.10/site-packages/comunicacao_ros2/__pycache__/patrulha_client.cpython-310.pyc
/home/eduardo/tp1_ws/install/comunicacao_ros2/lib/python3.10/site-packages/comunicacao_ros2/__pycache__/modo_client.cpython-310.pyc
/home/eduardo/tp1_ws/install/comunicacao_ros2/lib/python3.10/site-packages/comunicacao_ros2/__pycache__/monitor_velocidade.cpython-310.pyc
/home/eduardo/tp1_ws/install/comunicacao_ros2/lib/python3.10/site-packages/comunicacao_ros2/__pycache__/__init__.cpython-310.pyc
/home/eduardo/tp1_ws/install/comunicacao_ros2/lib/python3.10/site-packages/comunicacao_ros2/__pycache__/monitor_transporte.cpython-310.pyc
/home/eduardo/tp1_ws/install/comunicacao_ros2/lib/python3.10/site-packages/comunicacao_ros2/__pycache__/estado_robo.cpython-310.pyc
/home/eduardo/tp1_ws/install/comunicacao_ros2/lib/python3.10/site-packages/comunicacao_ros2/__pycache__/velocidade_pub.cpython-310.pyc
/home/eduardo/tp1_ws/install/comunicacao_ros2/lib/python3.10/site-packages/comunicacao_ros2/__pycache__/patrulha_server.cpython-310.pyc
/home/eduardo/tp1_ws/install/comunicacao_ros2/lib/python3.10/site-packages/comunicacao_ros2/__pycache__/modo_server.cpython-310.pyc
/home/eduardo/tp1_ws/install/comunicacao_ros2/lib/python3.10/site-packages/comunicacao_ros2/__pycache__/coordenador_vigilancia.cpython-310.pyc
/home/eduardo/tp1_ws/install/comunicacao_ros2/lib/python3.10/site-packages/comunicacao_ros2/__pycache__/controlador.cpython-310.pyc
/home/eduardo/tp1_ws/install/comunicacao_ros2/share/ament_index/resource_index/packages/comunicacao_ros2
/home/eduardo/tp1_ws/install/comunicacao_ros2/share/comunicacao_ros2/package.xml
/home/eduardo/tp1_ws/install/comunicacao_ros2/share/comunicacao_ros2/launch/robo_hospitalar_launch.py
/home/eduardo/tp1_ws/install/comunicacao_ros2/share/comunicacao_ros2/launch/hospital_gazebo_launch.py
/home/eduardo/tp1_ws/install/comunicacao_ros2/share/comunicacao_ros2/urdf/robo_hospitalar.urdf
/home/eduardo/tp1_ws/install/comunicacao_ros2/lib/python3.10/site-packages/comunicacao_ros2-0.0.0-py3.10.egg-info/dependency_links.txt
/home/eduardo/tp1_ws/install/comunicacao_ros2/lib/python3.10/site-packages/comunicacao_ros2-0.0.0-py3.10.egg-info/requires.txt
/home/eduardo/tp1_ws/install/comunicacao_ros2/lib/python3.10/site-packages/comunicacao_ros2-0.0.0-py3.10.egg-info/entry_points.txt
/home/eduardo/tp1_ws/install/comunicacao_ros2/lib/python3.10/site-packages/comunicacao_ros2-0.0.0-py3.10.egg-info/zip-safe
/home/eduardo/tp1_ws/install/comunicacao_ros2/lib/python3.10/site-packages/comunicacao_ros2-0.0.0-py3.10.egg-info/top_level.txt
/home/eduardo/tp1_ws/install/comunicacao_ros2/lib/python3.10/site-packages/comunicacao_ros2-0.0.0-py3.10.egg-info/SOURCES.txt
/home/eduardo/tp1_ws/install/comunicacao_ros2/lib/python3.10/site-packages/comunicacao_ros2-0.0.0-py3.10.egg-info/PKG-INFO
/home/eduardo/tp1_ws/install/comunicacao_ros2/lib/comunicacao_ros2/controlador
/home/eduardo/tp1_ws/install/comunicacao_ros2/lib/comunicacao_ros2/coordenador_vigilancia
/home/eduardo/tp1_ws/install/comunicacao_ros2/lib/comunicacao_ros2/estado_robo
/home/eduardo/tp1_ws/install/comunicacao_ros2/lib/comunicacao_ros2/modo_client
/home/eduardo/tp1_ws/install/comunicacao_ros2/lib/comunicacao_ros2/modo_server
/home/eduardo/tp1_ws/install/comunicacao_ros2/lib/comunicacao_ros2/monitor_transporte
/home/eduardo/tp1_ws/install/comunicacao_ros2/lib/comunicacao_ros2/monitor_velocidade
/home/eduardo/tp1_ws/install/comunicacao_ros2/lib/comunicacao_ros2/patrulha_client
/home/eduardo/tp1_ws/install/comunicacao_ros2/lib/comunicacao_ros2/patrulha_server
/home/eduardo/tp1_ws/install/comunicacao_ros2/lib/comunicacao_ros2/velocidade_pub
