[3.334s] DEBUG:colcon:Command line arguments: ['/usr/bin/colcon', 'build', '--packages-select', 'comunicacao_ros2']
[3.334s] DEBUG:colcon:Parsed command line arguments: Namespace(log_base=None, log_level=None, verb_name='build', build_base='build', install_base='install', merge_install=False, symlink_install=False, test_result_base=None, continue_on_error=False, executor='parallel', parallel_workers=2, event_handlers=None, ignore_user_meta=False, metas=['./colcon.meta'], base_paths=['.'], packages_ignore=None, packages_ignore_regex=None, paths=None, packages_up_to=None, packages_up_to_regex=None, packages_above=None, packages_above_and_dependencies=None, packages_above_depth=None, packages_select_by_dep=None, packages_skip_by_dep=None, packages_skip_up_to=None, packages_select_build_failed=False, packages_skip_build_finished=False, packages_select_test_failures=False, packages_skip_test_passed=False, packages_select=['comunicacao_ros2'], packages_skip=None, packages_select_regex=None, packages_skip_regex=None, packages_start=None, packages_end=None, allow_overriding=[], cmake_args=None, cmake_target=None, cmake_target_skip_unavailable=False, cmake_clean_cache=False, cmake_clean_first=False, cmake_force_configure=False, ament_cmake_args=None, catkin_cmake_args=None, catkin_skip_building_tests=False, mixin_files=None, mixin=None, verb_parser=<colcon_mixin.mixin.mixin_argument.MixinArgumentDecorator object at 0x7d42ada4d540>, verb_extension=<colcon_core.verb.build.BuildVerb object at 0x7d42ada4ceb0>, main=<bound method BuildVerb.main of <colcon_core.verb.build.BuildVerb object at 0x7d42ada4ceb0>>, mixin_verb=('build',))
[6.498s] Level 1:colcon.colcon_core.package_discovery:discover_packages(colcon_meta) check parameters
[6.498s] Level 1:colcon.colcon_core.package_discovery:discover_packages(recursive) check parameters
[6.498s] Level 1:colcon.colcon_core.package_discovery:discover_packages(ignore) check parameters
[6.498s] Level 1:colcon.colcon_core.package_discovery:discover_packages(path) check parameters
[6.498s] Level 1:colcon.colcon_core.package_discovery:discover_packages(colcon_meta) discover
[6.498s] Level 1:colcon.colcon_core.package_discovery:discover_packages(recursive) discover
[6.498s] INFO:colcon.colcon_core.package_discovery:Crawling recursively for packages in '/home/eduardo/tp1_ws'
[6.498s] Level 1:colcon.colcon_core.package_identification:_identify(.) by extensions ['ignore', 'ignore_ament_install']
[6.505s] Level 1:colcon.colcon_core.package_identification:_identify(.) by extension 'ignore'
[6.505s] Level 1:colcon.colcon_core.package_identification:_identify(.) by extension 'ignore_ament_install'
[6.505s] Level 1:colcon.colcon_core.package_identification:_identify(.) by extensions ['colcon_pkg']
[6.505s] Level 1:colcon.colcon_core.package_identification:_identify(.) by extension 'colcon_pkg'
[6.505s] Level 1:colcon.colcon_core.package_identification:_identify(.) by extensions ['colcon_meta']
[6.505s] Level 1:colcon.colcon_core.package_identification:_identify(.) by extension 'colcon_meta'
[6.505s] Level 1:colcon.colcon_core.package_identification:_identify(.) by extensions ['ros']
[6.505s] Level 1:colcon.colcon_core.package_identification:_identify(.) by extension 'ros'
[6.586s] Level 1:colcon.colcon_core.package_identification:_identify(.) by extensions ['cmake', 'python']
[6.586s] Level 1:colcon.colcon_core.package_identification:_identify(.) by extension 'cmake'
[6.586s] Level 1:colcon.colcon_core.package_identification:_identify(.) by extension 'python'
[6.586s] Level 1:colcon.colcon_core.package_identification:_identify(.) by extensions ['python_setup_py']
[6.586s] Level 1:colcon.colcon_core.package_identification:_identify(.) by extension 'python_setup_py'
[6.586s] Level 1:colcon.colcon_core.package_identification:_identify(build) by extensions ['ignore', 'ignore_ament_install']
[6.586s] Level 1:colcon.colcon_core.package_identification:_identify(build) by extension 'ignore'
[6.587s] Level 1:colcon.colcon_core.package_identification:_identify(build) ignored
[6.587s] Level 1:colcon.colcon_core.package_identification:_identify(install) by extensions ['ignore', 'ignore_ament_install']
[6.587s] Level 1:colcon.colcon_core.package_identification:_identify(install) by extension 'ignore'
[6.587s] Level 1:colcon.colcon_core.package_identification:_identify(install) ignored
[6.587s] Level 1:colcon.colcon_core.package_identification:_identify(log) by extensions ['ignore', 'ignore_ament_install']
[6.587s] Level 1:colcon.colcon_core.package_identification:_identify(log) by extension 'ignore'
[6.587s] Level 1:colcon.colcon_core.package_identification:_identify(log) ignored
[6.587s] Level 1:colcon.colcon_core.package_identification:_identify(src) by extensions ['ignore', 'ignore_ament_install']
[6.587s] Level 1:colcon.colcon_core.package_identification:_identify(src) by extension 'ignore'
[6.588s] Level 1:colcon.colcon_core.package_identification:_identify(src) by extension 'ignore_ament_install'
[6.588s] Level 1:colcon.colcon_core.package_identification:_identify(src) by extensions ['colcon_pkg']
[6.588s] Level 1:colcon.colcon_core.package_identification:_identify(src) by extension 'colcon_pkg'
[6.588s] Level 1:colcon.colcon_core.package_identification:_identify(src) by extensions ['colcon_meta']
[6.588s] Level 1:colcon.colcon_core.package_identification:_identify(src) by extension 'colcon_meta'
[6.588s] Level 1:colcon.colcon_core.package_identification:_identify(src) by extensions ['ros']
[6.588s] Level 1:colcon.colcon_core.package_identification:_identify(src) by extension 'ros'
[6.588s] Level 1:colcon.colcon_core.package_identification:_identify(src) by extensions ['cmake', 'python']
[6.588s] Level 1:colcon.colcon_core.package_identification:_identify(src) by extension 'cmake'
[6.588s] Level 1:colcon.colcon_core.package_identification:_identify(src) by extension 'python'
[6.588s] Level 1:colcon.colcon_core.package_identification:_identify(src) by extensions ['python_setup_py']
[6.588s] Level 1:colcon.colcon_core.package_identification:_identify(src) by extension 'python_setup_py'
[6.588s] Level 1:colcon.colcon_core.package_identification:_identify(src/comunicacao_ros2) by extensions ['ignore', 'ignore_ament_install']
[6.589s] Level 1:colcon.colcon_core.package_identification:_identify(src/comunicacao_ros2) by extension 'ignore'
[6.589s] Level 1:colcon.colcon_core.package_identification:_identify(src/comunicacao_ros2) by extension 'ignore_ament_install'
[6.589s] Level 1:colcon.colcon_core.package_identification:_identify(src/comunicacao_ros2) by extensions ['colcon_pkg']
[6.589s] Level 1:colcon.colcon_core.package_identification:_identify(src/comunicacao_ros2) by extension 'colcon_pkg'
[6.589s] Level 1:colcon.colcon_core.package_identification:_identify(src/comunicacao_ros2) by extensions ['colcon_meta']
[6.589s] Level 1:colcon.colcon_core.package_identification:_identify(src/comunicacao_ros2) by extension 'colcon_meta'
[6.589s] Level 1:colcon.colcon_core.package_identification:_identify(src/comunicacao_ros2) by extensions ['ros']
[6.589s] Level 1:colcon.colcon_core.package_identification:_identify(src/comunicacao_ros2) by extension 'ros'
[6.638s] DEBUG:colcon.colcon_core.package_identification:Package 'src/comunicacao_ros2' with type 'ros.ament_python' and name 'comunicacao_ros2'
[6.638s] Level 1:colcon.colcon_core.package_discovery:discover_packages(recursive) using defaults
[6.639s] Level 1:colcon.colcon_core.package_discovery:discover_packages(ignore) discover
[6.639s] Level 1:colcon.colcon_core.package_discovery:discover_packages(ignore) using defaults
[6.639s] Level 1:colcon.colcon_core.package_discovery:discover_packages(path) discover
[6.639s] Level 1:colcon.colcon_core.package_discovery:discover_packages(path) using defaults
[6.879s] Level 1:colcon.colcon_core.package_discovery:discover_packages(prefix_path) check parameters
[6.879s] Level 1:colcon.colcon_core.package_discovery:discover_packages(prefix_path) discover
[6.894s] DEBUG:colcon.colcon_installed_package_information.package_discovery:Found 273 installed packages in /opt/ros/humble
[6.896s] Level 1:colcon.colcon_core.package_discovery:discover_packages(prefix_path) using defaults
[6.995s] Level 5:colcon.colcon_core.verb:set package 'comunicacao_ros2' build argument 'cmake_args' from command line to 'None'
[6.995s] Level 5:colcon.colcon_core.verb:set package 'comunicacao_ros2' build argument 'cmake_target' from command line to 'None'
[6.995s] Level 5:colcon.colcon_core.verb:set package 'comunicacao_ros2' build argument 'cmake_target_skip_unavailable' from command line to 'False'
[6.998s] Level 5:colcon.colcon_core.verb:set package 'comunicacao_ros2' build argument 'cmake_clean_cache' from command line to 'False'
[6.998s] Level 5:colcon.colcon_core.verb:set package 'comunicacao_ros2' build argument 'cmake_clean_first' from command line to 'False'
[6.998s] Level 5:colcon.colcon_core.verb:set package 'comunicacao_ros2' build argument 'cmake_force_configure' from command line to 'False'
[6.998s] Level 5:colcon.colcon_core.verb:set package 'comunicacao_ros2' build argument 'ament_cmake_args' from command line to 'None'
[6.998s] Level 5:colcon.colcon_core.verb:set package 'comunicacao_ros2' build argument 'catkin_cmake_args' from command line to 'None'
[6.998s] Level 5:colcon.colcon_core.verb:set package 'comunicacao_ros2' build argument 'catkin_skip_building_tests' from command line to 'False'
[6.998s] DEBUG:colcon.colcon_core.verb:Building package 'comunicacao_ros2' with the following arguments: {'ament_cmake_args': None, 'build_base': '/home/eduardo/tp1_ws/build/comunicacao_ros2', 'catkin_cmake_args': None, 'catkin_skip_building_tests': False, 'cmake_args': None, 'cmake_clean_cache': False, 'cmake_clean_first': False, 'cmake_force_configure': False, 'cmake_target': None, 'cmake_target_skip_unavailable': False, 'install_base': '/home/eduardo/tp1_ws/install/comunicacao_ros2', 'merge_install': False, 'path': '/home/eduardo/tp1_ws/src/comunicacao_ros2', 'symlink_install': False, 'test_result_base': None}
[6.998s] INFO:colcon.colcon_core.executor:Executing jobs using 'parallel' executor
[7.002s] DEBUG:colcon.colcon_parallel_executor.executor.parallel:run_until_complete
[7.002s] INFO:colcon.colcon_ros.task.ament_python.build:Building ROS package in '/home/eduardo/tp1_ws/src/comunicacao_ros2' with build type 'ament_python'
[7.003s] Level 1:colcon.colcon_core.shell:create_environment_hook('comunicacao_ros2', 'ament_prefix_path')
[7.033s] INFO:colcon.colcon_core.plugin_system:Skipping extension 'colcon_core.shell.bat': Not used on non-Windows systems
[7.033s] INFO:colcon.colcon_core.shell:Creating environment hook '/home/eduardo/tp1_ws/install/comunicacao_ros2/share/comunicacao_ros2/hook/ament_prefix_path.ps1'
[7.064s] INFO:colcon.colcon_core.shell:Creating environment descriptor '/home/eduardo/tp1_ws/install/comunicacao_ros2/share/comunicacao_ros2/hook/ament_prefix_path.dsv'
[7.072s] INFO:colcon.colcon_core.shell:Creating environment hook '/home/eduardo/tp1_ws/install/comunicacao_ros2/share/comunicacao_ros2/hook/ament_prefix_path.sh'
[7.076s] INFO:colcon.colcon_core.shell:Skip shell extension 'powershell' for command environment: Not usable outside of PowerShell
[7.076s] DEBUG:colcon.colcon_core.shell:Skip shell extension 'dsv' for command environment
[7.610s] INFO:colcon.colcon_core.task.python.build:Building Python package in '/home/eduardo/tp1_ws/src/comunicacao_ros2'
[7.611s] INFO:colcon.colcon_core.shell:Skip shell extension 'powershell' for command environment: Not usable outside of PowerShell
[7.611s] DEBUG:colcon.colcon_core.shell:Skip shell extension 'dsv' for command environment
[8.608s] DEBUG:colcon.colcon_core.task.python.build:Available setuptools commands: saveopts, build, install_lib, install_scripts, check, install_egg_info, alias, symlink_data, develop, install_headers, rotate, bdist_dumb, install, bdist_egg, build_clib, build_ext, build_scripts, test, dist_info, upload, easy_install, egg_info, sdist, install_data, register, clean, bdist_rpm, build_py, upload_docs, setopt, bdist
[8.612s] DEBUG:colcon.colcon_core.event_handler.log_command:Invoking command in '/home/eduardo/tp1_ws/src/comunicacao_ros2': PYTHONPATH=/home/eduardo/tp1_ws/build/comunicacao_ros2/prefix_override:/usr/lib/python3/dist-packages/colcon_core/task/python/colcon_distutils_commands:/home/eduardo/tp1_ws/install/comunicacao_ros2/lib/python3.10/site-packages:${PYTHONPATH} /usr/bin/python3 -W ignore:setup.py install is deprecated -W ignore:easy_install command is deprecated setup.py egg_info --egg-base ../../build/comunicacao_ros2 build --build-base /home/eduardo/tp1_ws/build/comunicacao_ros2/build install --record /home/eduardo/tp1_ws/build/comunicacao_ros2/install.log --install-scripts $base/lib/comunicacao_ros2 --single-version-externally-managed install_data
[9.209s] DEBUG:colcon.colcon_core.event_handler.log_command:Invoked command in '/home/eduardo/tp1_ws/src/comunicacao_ros2' returned '0': PYTHONPATH=/home/eduardo/tp1_ws/build/comunicacao_ros2/prefix_override:/usr/lib/python3/dist-packages/colcon_core/task/python/colcon_distutils_commands:/home/eduardo/tp1_ws/install/comunicacao_ros2/lib/python3.10/site-packages:${PYTHONPATH} /usr/bin/python3 -W ignore:setup.py install is deprecated -W ignore:easy_install command is deprecated setup.py egg_info --egg-base ../../build/comunicacao_ros2 build --build-base /home/eduardo/tp1_ws/build/comunicacao_ros2/build install --record /home/eduardo/tp1_ws/build/comunicacao_ros2/install.log --install-scripts $base/lib/comunicacao_ros2 --single-version-externally-managed install_data
[9.445s] Level 1:colcon.colcon_core.environment:checking '/home/eduardo/tp1_ws/install/comunicacao_ros2' for CMake module files
[9.446s] Level 1:colcon.colcon_core.environment:checking '/home/eduardo/tp1_ws/install/comunicacao_ros2' for CMake config files
[9.450s] Level 1:colcon.colcon_core.environment:checking '/home/eduardo/tp1_ws/install/comunicacao_ros2/lib'
[9.451s] Level 1:colcon.colcon_core.environment:checking '/home/eduardo/tp1_ws/install/comunicacao_ros2/bin'
[9.451s] Level 1:colcon.colcon_core.environment:checking '/home/eduardo/tp1_ws/install/comunicacao_ros2/lib/pkgconfig/comunicacao_ros2.pc'
[9.452s] Level 1:colcon.colcon_core.environment:checking '/home/eduardo/tp1_ws/install/comunicacao_ros2/lib/python3.10/site-packages'
[9.452s] Level 1:colcon.colcon_core.shell:create_environment_hook('comunicacao_ros2', 'pythonpath')
[9.452s] INFO:colcon.colcon_core.shell:Creating environment hook '/home/eduardo/tp1_ws/install/comunicacao_ros2/share/comunicacao_ros2/hook/pythonpath.ps1'
[9.454s] INFO:colcon.colcon_core.shell:Creating environment descriptor '/home/eduardo/tp1_ws/install/comunicacao_ros2/share/comunicacao_ros2/hook/pythonpath.dsv'
[9.456s] INFO:colcon.colcon_core.shell:Creating environment hook '/home/eduardo/tp1_ws/install/comunicacao_ros2/share/comunicacao_ros2/hook/pythonpath.sh'
[9.459s] Level 1:colcon.colcon_core.environment:checking '/home/eduardo/tp1_ws/install/comunicacao_ros2/bin'
[9.459s] Level 1:colcon.colcon_core.environment:create_environment_scripts_only(comunicacao_ros2)
[9.460s] INFO:colcon.colcon_core.shell:Creating package script '/home/eduardo/tp1_ws/install/comunicacao_ros2/share/comunicacao_ros2/package.ps1'
[9.470s] INFO:colcon.colcon_core.shell:Creating package descriptor '/home/eduardo/tp1_ws/install/comunicacao_ros2/share/comunicacao_ros2/package.dsv'
[9.482s] INFO:colcon.colcon_core.shell:Creating package script '/home/eduardo/tp1_ws/install/comunicacao_ros2/share/comunicacao_ros2/package.sh'
[9.486s] INFO:colcon.colcon_core.shell:Creating package script '/home/eduardo/tp1_ws/install/comunicacao_ros2/share/comunicacao_ros2/package.bash'
[9.501s] INFO:colcon.colcon_core.shell:Creating package script '/home/eduardo/tp1_ws/install/comunicacao_ros2/share/comunicacao_ros2/package.zsh'
[9.506s] Level 1:colcon.colcon_core.environment:create_file_with_runtime_dependencies(/home/eduardo/tp1_ws/install/comunicacao_ros2/share/colcon-core/packages/comunicacao_ros2)
[9.507s] DEBUG:colcon.colcon_parallel_executor.executor.parallel:closing loop
[9.509s] DEBUG:colcon.colcon_parallel_executor.executor.parallel:loop closed
[9.509s] DEBUG:colcon.colcon_parallel_executor.executor.parallel:run_until_complete finished with '0'
[9.509s] DEBUG:colcon.colcon_core.event_reactor:joining thread
[9.598s] INFO:colcon.colcon_core.plugin_system:Skipping extension 'colcon_notification.desktop_notification.terminal_notifier': Not used on non-Darwin systems
[9.598s] INFO:colcon.colcon_core.plugin_system:Skipping extension 'colcon_notification.desktop_notification.win32': Not used on non-Windows systems
[9.598s] INFO:colcon.colcon_notification.desktop_notification:Sending desktop notification using 'notify2'
[9.648s] DEBUG:colcon.colcon_core.event_reactor:joined thread
[9.648s] INFO:colcon.colcon_core.shell:Creating prefix script '/home/eduardo/tp1_ws/install/local_setup.ps1'
[9.652s] INFO:colcon.colcon_core.shell:Creating prefix util module '/home/eduardo/tp1_ws/install/_local_setup_util_ps1.py'
[9.668s] INFO:colcon.colcon_core.shell:Creating prefix chain script '/home/eduardo/tp1_ws/install/setup.ps1'
[9.676s] INFO:colcon.colcon_core.shell:Creating prefix script '/home/eduardo/tp1_ws/install/local_setup.sh'
[9.684s] INFO:colcon.colcon_core.shell:Creating prefix util module '/home/eduardo/tp1_ws/install/_local_setup_util_sh.py'
[9.685s] INFO:colcon.colcon_core.shell:Creating prefix chain script '/home/eduardo/tp1_ws/install/setup.sh'
[9.689s] INFO:colcon.colcon_core.shell:Creating prefix script '/home/eduardo/tp1_ws/install/local_setup.bash'
[9.694s] INFO:colcon.colcon_core.shell:Creating prefix chain script '/home/eduardo/tp1_ws/install/setup.bash'
[9.698s] INFO:colcon.colcon_core.shell:Creating prefix script '/home/eduardo/tp1_ws/install/local_setup.zsh'
[9.703s] INFO:colcon.colcon_core.shell:Creating prefix chain script '/home/eduardo/tp1_ws/install/setup.zsh'
