[0.775s] DEBUG:colcon:Command line arguments: ['/usr/bin/colcon', 'build']
[0.775s] DEBUG:colcon:Parsed command line arguments: Namespace(log_base=None, log_level=None, verb_name='build', build_base='build', install_base='install', merge_install=False, symlink_install=False, test_result_base=None, continue_on_error=False, executor='parallel', parallel_workers=2, event_handlers=None, ignore_user_meta=False, metas=['./colcon.meta'], base_paths=['.'], packages_ignore=None, packages_ignore_regex=None, paths=None, packages_up_to=None, packages_up_to_regex=None, packages_above=None, packages_above_and_dependencies=None, packages_above_depth=None, packages_select_by_dep=None, packages_skip_by_dep=None, packages_skip_up_to=None, packages_select_build_failed=False, packages_skip_build_finished=False, packages_select_test_failures=False, packages_skip_test_passed=False, packages_select=None, packages_skip=None, packages_select_regex=None, packages_skip_regex=None, packages_start=None, packages_end=None, allow_overriding=[], cmake_args=None, cmake_target=None, cmake_target_skip_unavailable=False, cmake_clean_cache=False, cmake_clean_first=False, cmake_force_configure=False, ament_cmake_args=None, catkin_cmake_args=None, catkin_skip_building_tests=False, mixin_files=None, mixin=None, verb_parser=<colcon_mixin.mixin.mixin_argument.MixinArgumentDecorator object at 0x790dba5614e0>, verb_extension=<colcon_core.verb.build.BuildVerb object at 0x790dba560e50>, main=<bound method BuildVerb.main of <colcon_core.verb.build.BuildVerb object at 0x790dba560e50>>, mixin_verb=('build',))
[3.644s] Level 1:colcon.colcon_core.package_discovery:discover_packages(colcon_meta) check parameters
[3.644s] Level 1:colcon.colcon_core.package_discovery:discover_packages(recursive) check parameters
[3.644s] Level 1:colcon.colcon_core.package_discovery:discover_packages(ignore) check parameters
[3.644s] Level 1:colcon.colcon_core.package_discovery:discover_packages(path) check parameters
[3.644s] Level 1:colcon.colcon_core.package_discovery:discover_packages(colcon_meta) discover
[3.645s] Level 1:colcon.colcon_core.package_discovery:discover_packages(recursive) discover
[3.645s] INFO:colcon.colcon_core.package_discovery:Crawling recursively for packages in '/home/eduardo/tp1_ws'
[3.645s] Level 1:colcon.colcon_core.package_identification:_identify(.) by extensions ['ignore', 'ignore_ament_install']
[3.645s] Level 1:colcon.colcon_core.package_identification:_identify(.) by extension 'ignore'
[3.645s] Level 1:colcon.colcon_core.package_identification:_identify(.) by extension 'ignore_ament_install'
[3.645s] Level 1:colcon.colcon_core.package_identification:_identify(.) by extensions ['colcon_pkg']
[3.645s] Level 1:colcon.colcon_core.package_identification:_identify(.) by extension 'colcon_pkg'
[3.645s] Level 1:colcon.colcon_core.package_identification:_identify(.) by extensions ['colcon_meta']
[3.645s] Level 1:colcon.colcon_core.package_identification:_identify(.) by extension 'colcon_meta'
[3.646s] Level 1:colcon.colcon_core.package_identification:_identify(.) by extensions ['ros']
[3.646s] Level 1:colcon.colcon_core.package_identification:_identify(.) by extension 'ros'
[3.668s] Level 1:colcon.colcon_core.package_identification:_identify(.) by extensions ['cmake', 'python']
[3.668s] Level 1:colcon.colcon_core.package_identification:_identify(.) by extension 'cmake'
[3.668s] Level 1:colcon.colcon_core.package_identification:_identify(.) by extension 'python'
[3.668s] Level 1:colcon.colcon_core.package_identification:_identify(.) by extensions ['python_setup_py']
[3.668s] Level 1:colcon.colcon_core.package_identification:_identify(.) by extension 'python_setup_py'
[3.669s] Level 1:colcon.colcon_core.package_identification:_identify(build) by extensions ['ignore', 'ignore_ament_install']
[3.669s] Level 1:colcon.colcon_core.package_identification:_identify(build) by extension 'ignore'
[3.669s] Level 1:colcon.colcon_core.package_identification:_identify(build) ignored
[3.669s] Level 1:colcon.colcon_core.package_identification:_identify(install) by extensions ['ignore', 'ignore_ament_install']
[3.669s] Level 1:colcon.colcon_core.package_identification:_identify(install) by extension 'ignore'
[3.669s] Level 1:colcon.colcon_core.package_identification:_identify(install) ignored
[3.669s] Level 1:colcon.colcon_core.package_identification:_identify(log) by extensions ['ignore', 'ignore_ament_install']
[3.669s] Level 1:colcon.colcon_core.package_identification:_identify(log) by extension 'ignore'
[3.669s] Level 1:colcon.colcon_core.package_identification:_identify(log) ignored
[3.670s] Level 1:colcon.colcon_core.package_identification:_identify(src) by extensions ['ignore', 'ignore_ament_install']
[3.670s] Level 1:colcon.colcon_core.package_identification:_identify(src) by extension 'ignore'
[3.670s] Level 1:colcon.colcon_core.package_identification:_identify(src) by extension 'ignore_ament_install'
[3.670s] Level 1:colcon.colcon_core.package_identification:_identify(src) by extensions ['colcon_pkg']
[3.670s] Level 1:colcon.colcon_core.package_identification:_identify(src) by extension 'colcon_pkg'
[3.670s] Level 1:colcon.colcon_core.package_identification:_identify(src) by extensions ['colcon_meta']
[3.670s] Level 1:colcon.colcon_core.package_identification:_identify(src) by extension 'colcon_meta'
[3.670s] Level 1:colcon.colcon_core.package_identification:_identify(src) by extensions ['ros']
[3.670s] Level 1:colcon.colcon_core.package_identification:_identify(src) by extension 'ros'
[3.670s] Level 1:colcon.colcon_core.package_identification:_identify(src) by extensions ['cmake', 'python']
[3.670s] Level 1:colcon.colcon_core.package_identification:_identify(src) by extension 'cmake'
[3.670s] Level 1:colcon.colcon_core.package_identification:_identify(src) by extension 'python'
[3.670s] Level 1:colcon.colcon_core.package_identification:_identify(src) by extensions ['python_setup_py']
[3.671s] Level 1:colcon.colcon_core.package_identification:_identify(src) by extension 'python_setup_py'
[3.671s] Level 1:colcon.colcon_core.package_identification:_identify(src/comunicacao_ros2) by extensions ['ignore', 'ignore_ament_install']
[3.671s] Level 1:colcon.colcon_core.package_identification:_identify(src/comunicacao_ros2) by extension 'ignore'
[3.671s] Level 1:colcon.colcon_core.package_identification:_identify(src/comunicacao_ros2) by extension 'ignore_ament_install'
[3.671s] Level 1:colcon.colcon_core.package_identification:_identify(src/comunicacao_ros2) by extensions ['colcon_pkg']
[3.671s] Level 1:colcon.colcon_core.package_identification:_identify(src/comunicacao_ros2) by extension 'colcon_pkg'
[3.671s] Level 1:colcon.colcon_core.package_identification:_identify(src/comunicacao_ros2) by extensions ['colcon_meta']
[3.671s] Level 1:colcon.colcon_core.package_identification:_identify(src/comunicacao_ros2) by extension 'colcon_meta'
[3.671s] Level 1:colcon.colcon_core.package_identification:_identify(src/comunicacao_ros2) by extensions ['ros']
[3.671s] Level 1:colcon.colcon_core.package_identification:_identify(src/comunicacao_ros2) by extension 'ros'
[3.686s] DEBUG:colcon.colcon_core.package_identification:Package 'src/comunicacao_ros2' with type 'ros.ament_python' and name 'comunicacao_ros2'
[3.686s] Level 1:colcon.colcon_core.package_discovery:discover_packages(recursive) using defaults
[3.687s] Level 1:colcon.colcon_core.package_discovery:discover_packages(ignore) discover
[3.687s] Level 1:colcon.colcon_core.package_discovery:discover_packages(ignore) using defaults
[3.687s] Level 1:colcon.colcon_core.package_discovery:discover_packages(path) discover
[3.687s] Level 1:colcon.colcon_core.package_discovery:discover_packages(path) using defaults
[3.832s] Level 1:colcon.colcon_core.package_discovery:discover_packages(prefix_path) check parameters
[3.832s] Level 1:colcon.colcon_core.package_discovery:discover_packages(prefix_path) discover
[3.847s] DEBUG:colcon.colcon_installed_package_information.package_discovery:Found 273 installed packages in /opt/ros/humble
[3.850s] Level 1:colcon.colcon_core.package_discovery:discover_packages(prefix_path) using defaults
[3.920s] Level 5:colcon.colcon_core.verb:set package 'comunicacao_ros2' build argument 'cmake_args' from command line to 'None'
[3.920s] Level 5:colcon.colcon_core.verb:set package 'comunicacao_ros2' build argument 'cmake_target' from command line to 'None'
[3.920s] Level 5:colcon.colcon_core.verb:set package 'comunicacao_ros2' build argument 'cmake_target_skip_unavailable' from command line to 'False'
[3.920s] Level 5:colcon.colcon_core.verb:set package 'comunicacao_ros2' build argument 'cmake_clean_cache' from command line to 'False'
[3.920s] Level 5:colcon.colcon_core.verb:set package 'comunicacao_ros2' build argument 'cmake_clean_first' from command line to 'False'
[3.920s] Level 5:colcon.colcon_core.verb:set package 'comunicacao_ros2' build argument 'cmake_force_configure' from command line to 'False'
[3.920s] Level 5:colcon.colcon_core.verb:set package 'comunicacao_ros2' build argument 'ament_cmake_args' from command line to 'None'
[3.920s] Level 5:colcon.colcon_core.verb:set package 'comunicacao_ros2' build argument 'catkin_cmake_args' from command line to 'None'
[3.920s] Level 5:colcon.colcon_core.verb:set package 'comunicacao_ros2' build argument 'catkin_skip_building_tests' from command line to 'False'
[3.920s] DEBUG:colcon.colcon_core.verb:Building package 'comunicacao_ros2' with the following arguments: {'ament_cmake_args': None, 'build_base': '/home/eduardo/tp1_ws/build/comunicacao_ros2', 'catkin_cmake_args': None, 'catkin_skip_building_tests': False, 'cmake_args': None, 'cmake_clean_cache': False, 'cmake_clean_first': False, 'cmake_force_configure': False, 'cmake_target': None, 'cmake_target_skip_unavailable': False, 'install_base': '/home/eduardo/tp1_ws/install/comunicacao_ros2', 'merge_install': False, 'path': '/home/eduardo/tp1_ws/src/comunicacao_ros2', 'symlink_install': False, 'test_result_base': None}
[3.921s] INFO:colcon.colcon_core.executor:Executing jobs using 'parallel' executor
[3.931s] DEBUG:colcon.colcon_parallel_executor.executor.parallel:run_until_complete
[3.934s] INFO:colcon.colcon_ros.task.ament_python.build:Building ROS package in '/home/eduardo/tp1_ws/src/comunicacao_ros2' with build type 'ament_python'
[3.935s] Level 1:colcon.colcon_core.shell:create_environment_hook('comunicacao_ros2', 'ament_prefix_path')
[3.966s] INFO:colcon.colcon_core.plugin_system:Skipping extension 'colcon_core.shell.bat': Not used on non-Windows systems
[3.966s] INFO:colcon.colcon_core.shell:Creating environment hook '/home/eduardo/tp1_ws/install/comunicacao_ros2/share/comunicacao_ros2/hook/ament_prefix_path.ps1'
[3.970s] INFO:colcon.colcon_core.shell:Creating environment descriptor '/home/eduardo/tp1_ws/install/comunicacao_ros2/share/comunicacao_ros2/hook/ament_prefix_path.dsv'
[3.986s] INFO:colcon.colcon_core.shell:Creating environment hook '/home/eduardo/tp1_ws/install/comunicacao_ros2/share/comunicacao_ros2/hook/ament_prefix_path.sh'
[3.993s] INFO:colcon.colcon_core.shell:Skip shell extension 'powershell' for command environment: Not usable outside of PowerShell
[3.993s] DEBUG:colcon.colcon_core.shell:Skip shell extension 'dsv' for command environment
[4.436s] INFO:colcon.colcon_core.task.python.build:Building Python package in '/home/eduardo/tp1_ws/src/comunicacao_ros2'
[4.437s] INFO:colcon.colcon_core.shell:Skip shell extension 'powershell' for command environment: Not usable outside of PowerShell
[4.437s] DEBUG:colcon.colcon_core.shell:Skip shell extension 'dsv' for command environment
[5.365s] DEBUG:colcon.colcon_core.task.python.build:Available setuptools commands: install_egg_info, easy_install, egg_info, bdist_egg, install_lib, build_clib, upload, build_py, install_data, build_ext, setopt, clean, test, alias, saveopts, build, sdist, bdist_rpm, register, install, develop, install_headers, build_scripts, rotate, symlink_data, upload_docs, bdist, install_scripts, check, dist_info, bdist_dumb
[5.370s] DEBUG:colcon.colcon_core.event_handler.log_command:Invoking command in '/home/eduardo/tp1_ws/src/comunicacao_ros2': PYTHONPATH=/home/eduardo/tp1_ws/build/comunicacao_ros2/prefix_override:/usr/lib/python3/dist-packages/colcon_core/task/python/colcon_distutils_commands:/home/eduardo/tp1_ws/install/comunicacao_ros2/lib/python3.10/site-packages:${PYTHONPATH} /usr/bin/python3 -W ignore:setup.py install is deprecated -W ignore:easy_install command is deprecated setup.py egg_info --egg-base ../../build/comunicacao_ros2 build --build-base /home/eduardo/tp1_ws/build/comunicacao_ros2/build install --record /home/eduardo/tp1_ws/build/comunicacao_ros2/install.log --install-scripts $base/lib/comunicacao_ros2 --single-version-externally-managed install_data
[5.939s] DEBUG:colcon.colcon_core.event_handler.log_command:Invoked command in '/home/eduardo/tp1_ws/src/comunicacao_ros2' returned '0': PYTHONPATH=/home/eduardo/tp1_ws/build/comunicacao_ros2/prefix_override:/usr/lib/python3/dist-packages/colcon_core/task/python/colcon_distutils_commands:/home/eduardo/tp1_ws/install/comunicacao_ros2/lib/python3.10/site-packages:${PYTHONPATH} /usr/bin/python3 -W ignore:setup.py install is deprecated -W ignore:easy_install command is deprecated setup.py egg_info --egg-base ../../build/comunicacao_ros2 build --build-base /home/eduardo/tp1_ws/build/comunicacao_ros2/build install --record /home/eduardo/tp1_ws/build/comunicacao_ros2/install.log --install-scripts $base/lib/comunicacao_ros2 --single-version-externally-managed install_data
[5.994s] Level 1:colcon.colcon_core.environment:checking '/home/eduardo/tp1_ws/install/comunicacao_ros2' for CMake module files
[5.995s] Level 1:colcon.colcon_core.environment:checking '/home/eduardo/tp1_ws/install/comunicacao_ros2' for CMake config files
[5.996s] Level 1:colcon.colcon_core.environment:checking '/home/eduardo/tp1_ws/install/comunicacao_ros2/lib'
[5.996s] Level 1:colcon.colcon_core.environment:checking '/home/eduardo/tp1_ws/install/comunicacao_ros2/bin'
[5.996s] Level 1:colcon.colcon_core.environment:checking '/home/eduardo/tp1_ws/install/comunicacao_ros2/lib/pkgconfig/comunicacao_ros2.pc'
[5.997s] Level 1:colcon.colcon_core.environment:checking '/home/eduardo/tp1_ws/install/comunicacao_ros2/lib/python3.10/site-packages'
[5.997s] Level 1:colcon.colcon_core.shell:create_environment_hook('comunicacao_ros2', 'pythonpath')
[5.998s] INFO:colcon.colcon_core.shell:Creating environment hook '/home/eduardo/tp1_ws/install/comunicacao_ros2/share/comunicacao_ros2/hook/pythonpath.ps1'
[5.999s] INFO:colcon.colcon_core.shell:Creating environment descriptor '/home/eduardo/tp1_ws/install/comunicacao_ros2/share/comunicacao_ros2/hook/pythonpath.dsv'
[6.001s] INFO:colcon.colcon_core.shell:Creating environment hook '/home/eduardo/tp1_ws/install/comunicacao_ros2/share/comunicacao_ros2/hook/pythonpath.sh'
[6.004s] Level 1:colcon.colcon_core.environment:checking '/home/eduardo/tp1_ws/install/comunicacao_ros2/bin'
[6.004s] Level 1:colcon.colcon_core.environment:create_environment_scripts_only(comunicacao_ros2)
[6.005s] INFO:colcon.colcon_core.shell:Creating package script '/home/eduardo/tp1_ws/install/comunicacao_ros2/share/comunicacao_ros2/package.ps1'
[6.008s] INFO:colcon.colcon_core.shell:Creating package descriptor '/home/eduardo/tp1_ws/install/comunicacao_ros2/share/comunicacao_ros2/package.dsv'
[6.011s] INFO:colcon.colcon_core.shell:Creating package script '/home/eduardo/tp1_ws/install/comunicacao_ros2/share/comunicacao_ros2/package.sh'
[6.013s] INFO:colcon.colcon_core.shell:Creating package script '/home/eduardo/tp1_ws/install/comunicacao_ros2/share/comunicacao_ros2/package.bash'
[6.027s] INFO:colcon.colcon_core.shell:Creating package script '/home/eduardo/tp1_ws/install/comunicacao_ros2/share/comunicacao_ros2/package.zsh'
[6.033s] Level 1:colcon.colcon_core.environment:create_file_with_runtime_dependencies(/home/eduardo/tp1_ws/install/comunicacao_ros2/share/colcon-core/packages/comunicacao_ros2)
[6.036s] DEBUG:colcon.colcon_parallel_executor.executor.parallel:closing loop
[6.037s] DEBUG:colcon.colcon_parallel_executor.executor.parallel:loop closed
[6.037s] DEBUG:colcon.colcon_parallel_executor.executor.parallel:run_until_complete finished with '0'
[6.037s] DEBUG:colcon.colcon_core.event_reactor:joining thread
[6.062s] INFO:colcon.colcon_core.plugin_system:Skipping extension 'colcon_notification.desktop_notification.terminal_notifier': Not used on non-Darwin systems
[6.062s] INFO:colcon.colcon_core.plugin_system:Skipping extension 'colcon_notification.desktop_notification.win32': Not used on non-Windows systems
[6.062s] INFO:colcon.colcon_notification.desktop_notification:Sending desktop notification using 'notify2'
[6.144s] DEBUG:colcon.colcon_core.event_reactor:joined thread
[6.145s] INFO:colcon.colcon_core.shell:Creating prefix script '/home/eduardo/tp1_ws/install/local_setup.ps1'
[6.151s] INFO:colcon.colcon_core.shell:Creating prefix util module '/home/eduardo/tp1_ws/install/_local_setup_util_ps1.py'
[6.167s] INFO:colcon.colcon_core.shell:Creating prefix chain script '/home/eduardo/tp1_ws/install/setup.ps1'
[6.172s] INFO:colcon.colcon_core.shell:Creating prefix script '/home/eduardo/tp1_ws/install/local_setup.sh'
[6.175s] INFO:colcon.colcon_core.shell:Creating prefix util module '/home/eduardo/tp1_ws/install/_local_setup_util_sh.py'
[6.177s] INFO:colcon.colcon_core.shell:Creating prefix chain script '/home/eduardo/tp1_ws/install/setup.sh'
[6.179s] INFO:colcon.colcon_core.shell:Creating prefix script '/home/eduardo/tp1_ws/install/local_setup.bash'
[6.183s] INFO:colcon.colcon_core.shell:Creating prefix chain script '/home/eduardo/tp1_ws/install/setup.bash'
[6.187s] INFO:colcon.colcon_core.shell:Creating prefix script '/home/eduardo/tp1_ws/install/local_setup.zsh'
[6.190s] INFO:colcon.colcon_core.shell:Creating prefix chain script '/home/eduardo/tp1_ws/install/setup.zsh'
