running egg_info
writing ../../build/comunicacao_ros2/comunicacao_ros2.egg-info/PKG-INFO
writing dependency_links to ../../build/comunicacao_ros2/comunicacao_ros2.egg-info/dependency_links.txt
writing entry points to ../../build/comunicacao_ros2/comunicacao_ros2.egg-info/entry_points.txt
writing requirements to ../../build/comunicacao_ros2/comunicacao_ros2.egg-info/requires.txt
writing top-level names to ../../build/comunicacao_ros2/comunicacao_ros2.egg-info/top_level.txt
reading manifest file '../../build/comunicacao_ros2/comunicacao_ros2.egg-info/SOURCES.txt'
writing manifest file '../../build/comunicacao_ros2/comunicacao_ros2.egg-info/SOURCES.txt'
running build
running build_py
running install
running install_lib
running install_data
running install_egg_info
removing '/home/eduardo/tp1_ws/install/comunicacao_ros2/lib/python3.10/site-packages/comunicacao_ros2-0.0.0-py3.10.egg-info' (and everything under it)
Copying ../../build/comunicacao_ros2/comunicacao_ros2.egg-info to /home/eduardo/tp1_ws/install/comunicacao_ros2/lib/python3.10/site-packages/comunicacao_ros2-0.0.0-py3.10.egg-info
running install_scripts
Installing controlador script to /home/eduardo/tp1_ws/install/comunicacao_ros2/lib/comunicacao_ros2
Installing coordenador_vigilancia script to /home/eduardo/tp1_ws/install/comunicacao_ros2/lib/comunicacao_ros2
Installing estado_robo script to /home/eduardo/tp1_ws/install/comunicacao_ros2/lib/comunicacao_ros2
Installing modo_client script to /home/eduardo/tp1_ws/install/comunicacao_ros2/lib/comunicacao_ros2
Installing modo_server script to /home/eduardo/tp1_ws/install/comunicacao_ros2/lib/comunicacao_ros2
Installing monitor_transporte script to /home/eduardo/tp1_ws/install/comunicacao_ros2/lib/comunicacao_ros2
Installing monitor_velocidade script to /home/eduardo/tp1_ws/install/comunicacao_ros2/lib/comunicacao_ros2
Installing patrulha_client script to /home/eduardo/tp1_ws/install/comunicacao_ros2/lib/comunicacao_ros2
Installing patrulha_server script to /home/eduardo/tp1_ws/install/comunicacao_ros2/lib/comunicacao_ros2
Installing velocidade_pub script to /home/eduardo/tp1_ws/install/comunicacao_ros2/lib/comunicacao_ros2
writing list of installed files to '/home/eduardo/tp1_ws/build/comunicacao_ros2/install.log'
