[0.742s] DEBUG:colcon:Command line arguments: ['/usr/bin/colcon', 'build']
[0.742s] DEBUG:colcon:Parsed command line arguments: Namespace(log_base=None, log_level=None, verb_name='build', build_base='build', install_base='install', merge_install=False, symlink_install=False, test_result_base=None, continue_on_error=False, executor='parallel', parallel_workers=2, event_handlers=None, ignore_user_meta=False, metas=['./colcon.meta'], base_paths=['.'], packages_ignore=None, packages_ignore_regex=None, paths=None, packages_up_to=None, packages_up_to_regex=None, packages_above=None, packages_above_and_dependencies=None, packages_above_depth=None, packages_select_by_dep=None, packages_skip_by_dep=None, packages_skip_up_to=None, packages_select_build_failed=False, packages_skip_build_finished=False, packages_select_test_failures=False, packages_skip_test_passed=False, packages_select=None, packages_skip=None, packages_select_regex=None, packages_skip_regex=None, packages_start=None, packages_end=None, allow_overriding=[], cmake_args=None, cmake_target=None, cmake_target_skip_unavailable=False, cmake_clean_cache=False, cmake_clean_first=False, cmake_force_configure=False, ament_cmake_args=None, catkin_cmake_args=None, catkin_skip_building_tests=False, mixin_files=None, mixin=None, verb_parser=<colcon_mixin.mixin.mixin_argument.MixinArgumentDecorator object at 0x783c0f9496f0>, verb_extension=<colcon_core.verb.build.BuildVerb object at 0x783c0f949060>, main=<bound method BuildVerb.main of <colcon_core.verb.build.BuildVerb object at 0x783c0f949060>>, mixin_verb=('build',))
[3.826s] Level 1:colcon.colcon_core.package_discovery:discover_packages(colcon_meta) check parameters
[3.827s] Level 1:colcon.colcon_core.package_discovery:discover_packages(recursive) check parameters
[3.827s] Level 1:colcon.colcon_core.package_discovery:discover_packages(ignore) check parameters
[3.827s] Level 1:colcon.colcon_core.package_discovery:discover_packages(path) check parameters
[3.827s] Level 1:colcon.colcon_core.package_discovery:discover_packages(colcon_meta) discover
[3.827s] Level 1:colcon.colcon_core.package_discovery:discover_packages(recursive) discover
[3.828s] INFO:colcon.colcon_core.package_discovery:Crawling recursively for packages in '/home/eduardo/tp1_ws'
[3.828s] Level 1:colcon.colcon_core.package_identification:_identify(.) by extensions ['ignore', 'ignore_ament_install']
[3.828s] Level 1:colcon.colcon_core.package_identification:_identify(.) by extension 'ignore'
[3.828s] Level 1:colcon.colcon_core.package_identification:_identify(.) by extension 'ignore_ament_install'
[3.828s] Level 1:colcon.colcon_core.package_identification:_identify(.) by extensions ['colcon_pkg']
[3.828s] Level 1:colcon.colcon_core.package_identification:_identify(.) by extension 'colcon_pkg'
[3.829s] Level 1:colcon.colcon_core.package_identification:_identify(.) by extensions ['colcon_meta']
[3.829s] Level 1:colcon.colcon_core.package_identification:_identify(.) by extension 'colcon_meta'
[3.829s] Level 1:colcon.colcon_core.package_identification:_identify(.) by extensions ['ros']
[3.829s] Level 1:colcon.colcon_core.package_identification:_identify(.) by extension 'ros'
[3.875s] Level 1:colcon.colcon_core.package_identification:_identify(.) by extensions ['cmake', 'python']
[3.876s] Level 1:colcon.colcon_core.package_identification:_identify(.) by extension 'cmake'
[3.876s] Level 1:colcon.colcon_core.package_identification:_identify(.) by extension 'python'
[3.876s] Level 1:colcon.colcon_core.package_identification:_identify(.) by extensions ['python_setup_py']
[3.876s] Level 1:colcon.colcon_core.package_identification:_identify(.) by extension 'python_setup_py'
[3.876s] Level 1:colcon.colcon_core.package_identification:_identify(build) by extensions ['ignore', 'ignore_ament_install']
[3.876s] Level 1:colcon.colcon_core.package_identification:_identify(build) by extension 'ignore'
[3.876s] Level 1:colcon.colcon_core.package_identification:_identify(build) ignored
[3.877s] Level 1:colcon.colcon_core.package_identification:_identify(install) by extensions ['ignore', 'ignore_ament_install']
[3.877s] Level 1:colcon.colcon_core.package_identification:_identify(install) by extension 'ignore'
[3.877s] Level 1:colcon.colcon_core.package_identification:_identify(install) ignored
[3.877s] Level 1:colcon.colcon_core.package_identification:_identify(log) by extensions ['ignore', 'ignore_ament_install']
[3.877s] Level 1:colcon.colcon_core.package_identification:_identify(log) by extension 'ignore'
[3.877s] Level 1:colcon.colcon_core.package_identification:_identify(log) ignored
[3.877s] Level 1:colcon.colcon_core.package_identification:_identify(src) by extensions ['ignore', 'ignore_ament_install']
[3.877s] Level 1:colcon.colcon_core.package_identification:_identify(src) by extension 'ignore'
[3.877s] Level 1:colcon.colcon_core.package_identification:_identify(src) by extension 'ignore_ament_install'
[3.878s] Level 1:colcon.colcon_core.package_identification:_identify(src) by extensions ['colcon_pkg']
[3.878s] Level 1:colcon.colcon_core.package_identification:_identify(src) by extension 'colcon_pkg'
[3.878s] Level 1:colcon.colcon_core.package_identification:_identify(src) by extensions ['colcon_meta']
[3.878s] Level 1:colcon.colcon_core.package_identification:_identify(src) by extension 'colcon_meta'
[3.878s] Level 1:colcon.colcon_core.package_identification:_identify(src) by extensions ['ros']
[3.878s] Level 1:colcon.colcon_core.package_identification:_identify(src) by extension 'ros'
[3.878s] Level 1:colcon.colcon_core.package_identification:_identify(src) by extensions ['cmake', 'python']
[3.878s] Level 1:colcon.colcon_core.package_identification:_identify(src) by extension 'cmake'
[3.878s] Level 1:colcon.colcon_core.package_identification:_identify(src) by extension 'python'
[3.878s] Level 1:colcon.colcon_core.package_identification:_identify(src) by extensions ['python_setup_py']
[3.878s] Level 1:colcon.colcon_core.package_identification:_identify(src) by extension 'python_setup_py'
[3.879s] Level 1:colcon.colcon_core.package_identification:_identify(src/comunicacao_ros2) by extensions ['ignore', 'ignore_ament_install']
[3.879s] Level 1:colcon.colcon_core.package_identification:_identify(src/comunicacao_ros2) by extension 'ignore'
[3.879s] Level 1:colcon.colcon_core.package_identification:_identify(src/comunicacao_ros2) by extension 'ignore_ament_install'
[3.879s] Level 1:colcon.colcon_core.package_identification:_identify(src/comunicacao_ros2) by extensions ['colcon_pkg']
[3.879s] Level 1:colcon.colcon_core.package_identification:_identify(src/comunicacao_ros2) by extension 'colcon_pkg'
[3.879s] Level 1:colcon.colcon_core.package_identification:_identify(src/comunicacao_ros2) by extensions ['colcon_meta']
[3.879s] Level 1:colcon.colcon_core.package_identification:_identify(src/comunicacao_ros2) by extension 'colcon_meta'
[3.879s] Level 1:colcon.colcon_core.package_identification:_identify(src/comunicacao_ros2) by extensions ['ros']
[3.879s] Level 1:colcon.colcon_core.package_identification:_identify(src/comunicacao_ros2) by extension 'ros'
[3.911s] DEBUG:colcon.colcon_core.package_identification:Package 'src/comunicacao_ros2' with type 'ros.ament_python' and name 'comunicacao_ros2'
[3.912s] Level 1:colcon.colcon_core.package_discovery:discover_packages(recursive) using defaults
[3.913s] Level 1:colcon.colcon_core.package_discovery:discover_packages(ignore) discover
[3.913s] Level 1:colcon.colcon_core.package_discovery:discover_packages(ignore) using defaults
[3.913s] Level 1:colcon.colcon_core.package_discovery:discover_packages(path) discover
[3.915s] Level 1:colcon.colcon_core.package_discovery:discover_packages(path) using defaults
[4.145s] Level 1:colcon.colcon_core.package_discovery:discover_packages(prefix_path) check parameters
[4.145s] Level 1:colcon.colcon_core.package_discovery:discover_packages(prefix_path) discover
[4.161s] DEBUG:colcon.colcon_installed_package_information.package_discovery:Found 278 installed packages in /opt/ros/humble
[4.166s] Level 1:colcon.colcon_core.package_discovery:discover_packages(prefix_path) using defaults
[4.297s] Level 5:colcon.colcon_core.verb:set package 'comunicacao_ros2' build argument 'cmake_args' from command line to 'None'
[4.299s] Level 5:colcon.colcon_core.verb:set package 'comunicacao_ros2' build argument 'cmake_target' from command line to 'None'
[4.300s] Level 5:colcon.colcon_core.verb:set package 'comunicacao_ros2' build argument 'cmake_target_skip_unavailable' from command line to 'False'
[4.300s] Level 5:colcon.colcon_core.verb:set package 'comunicacao_ros2' build argument 'cmake_clean_cache' from command line to 'False'
[4.300s] Level 5:colcon.colcon_core.verb:set package 'comunicacao_ros2' build argument 'cmake_clean_first' from command line to 'False'
[4.300s] Level 5:colcon.colcon_core.verb:set package 'comunicacao_ros2' build argument 'cmake_force_configure' from command line to 'False'
[4.300s] Level 5:colcon.colcon_core.verb:set package 'comunicacao_ros2' build argument 'ament_cmake_args' from command line to 'None'
[4.300s] Level 5:colcon.colcon_core.verb:set package 'comunicacao_ros2' build argument 'catkin_cmake_args' from command line to 'None'
[4.300s] Level 5:colcon.colcon_core.verb:set package 'comunicacao_ros2' build argument 'catkin_skip_building_tests' from command line to 'False'
[4.300s] DEBUG:colcon.colcon_core.verb:Building package 'comunicacao_ros2' with the following arguments: {'ament_cmake_args': None, 'build_base': '/home/eduardo/tp1_ws/build/comunicacao_ros2', 'catkin_cmake_args': None, 'catkin_skip_building_tests': False, 'cmake_args': None, 'cmake_clean_cache': False, 'cmake_clean_first': False, 'cmake_force_configure': False, 'cmake_target': None, 'cmake_target_skip_unavailable': False, 'install_base': '/home/eduardo/tp1_ws/install/comunicacao_ros2', 'merge_install': False, 'path': '/home/eduardo/tp1_ws/src/comunicacao_ros2', 'symlink_install': False, 'test_result_base': None}
[4.300s] INFO:colcon.colcon_core.executor:Executing jobs using 'parallel' executor
[4.308s] DEBUG:colcon.colcon_parallel_executor.executor.parallel:run_until_complete
[4.309s] INFO:colcon.colcon_ros.task.ament_python.build:Building ROS package in '/home/eduardo/tp1_ws/src/comunicacao_ros2' with build type 'ament_python'
[4.311s] Level 1:colcon.colcon_core.shell:create_environment_hook('comunicacao_ros2', 'ament_prefix_path')
[4.364s] INFO:colcon.colcon_core.plugin_system:Skipping extension 'colcon_core.shell.bat': Not used on non-Windows systems
[4.365s] INFO:colcon.colcon_core.shell:Creating environment hook '/home/eduardo/tp1_ws/install/comunicacao_ros2/share/comunicacao_ros2/hook/ament_prefix_path.ps1'
[4.379s] INFO:colcon.colcon_core.shell:Creating environment descriptor '/home/eduardo/tp1_ws/install/comunicacao_ros2/share/comunicacao_ros2/hook/ament_prefix_path.dsv'
[4.390s] INFO:colcon.colcon_core.shell:Creating environment hook '/home/eduardo/tp1_ws/install/comunicacao_ros2/share/comunicacao_ros2/hook/ament_prefix_path.sh'
[4.396s] INFO:colcon.colcon_core.shell:Skip shell extension 'powershell' for command environment: Not usable outside of PowerShell
[4.397s] DEBUG:colcon.colcon_core.shell:Skip shell extension 'dsv' for command environment
[5.171s] INFO:colcon.colcon_core.task.python.build:Building Python package in '/home/eduardo/tp1_ws/src/comunicacao_ros2'
[5.173s] INFO:colcon.colcon_core.shell:Skip shell extension 'powershell' for command environment: Not usable outside of PowerShell
[5.174s] DEBUG:colcon.colcon_core.shell:Skip shell extension 'dsv' for command environment
[6.631s] DEBUG:colcon.colcon_core.task.python.build:Available setuptools commands: bdist_dumb, check, install_scripts, saveopts, install_data, build_py, develop, sdist, rotate, setopt, build_scripts, register, upload, install_lib, test, bdist_rpm, install, upload_docs, bdist, build, build_clib, bdist_egg, clean, symlink_data, dist_info, install_headers, easy_install, egg_info, alias, build_ext, install_egg_info
[6.645s] DEBUG:colcon.colcon_core.event_handler.log_command:Invoking command in '/home/eduardo/tp1_ws/src/comunicacao_ros2': PYTHONPATH=/home/eduardo/tp1_ws/build/comunicacao_ros2/prefix_override:/usr/lib/python3/dist-packages/colcon_core/task/python/colcon_distutils_commands:/home/eduardo/tp1_ws/install/comunicacao_ros2/lib/python3.10/site-packages:${PYTHONPATH} /usr/bin/python3 -W ignore:setup.py install is deprecated -W ignore:easy_install command is deprecated setup.py egg_info --egg-base ../../build/comunicacao_ros2 build --build-base /home/eduardo/tp1_ws/build/comunicacao_ros2/build install --record /home/eduardo/tp1_ws/build/comunicacao_ros2/install.log --install-scripts $base/lib/comunicacao_ros2 --single-version-externally-managed install_data
[7.700s] DEBUG:colcon.colcon_core.event_handler.log_command:Invoked command in '/home/eduardo/tp1_ws/src/comunicacao_ros2' returned '0': PYTHONPATH=/home/eduardo/tp1_ws/build/comunicacao_ros2/prefix_override:/usr/lib/python3/dist-packages/colcon_core/task/python/colcon_distutils_commands:/home/eduardo/tp1_ws/install/comunicacao_ros2/lib/python3.10/site-packages:${PYTHONPATH} /usr/bin/python3 -W ignore:setup.py install is deprecated -W ignore:easy_install command is deprecated setup.py egg_info --egg-base ../../build/comunicacao_ros2 build --build-base /home/eduardo/tp1_ws/build/comunicacao_ros2/build install --record /home/eduardo/tp1_ws/build/comunicacao_ros2/install.log --install-scripts $base/lib/comunicacao_ros2 --single-version-externally-managed install_data
[7.809s] Level 1:colcon.colcon_core.environment:checking '/home/eduardo/tp1_ws/install/comunicacao_ros2' for CMake module files
[7.811s] Level 1:colcon.colcon_core.environment:checking '/home/eduardo/tp1_ws/install/comunicacao_ros2' for CMake config files
[7.813s] Level 1:colcon.colcon_core.environment:checking '/home/eduardo/tp1_ws/install/comunicacao_ros2/lib'
[7.813s] Level 1:colcon.colcon_core.environment:checking '/home/eduardo/tp1_ws/install/comunicacao_ros2/bin'
[7.814s] Level 1:colcon.colcon_core.environment:checking '/home/eduardo/tp1_ws/install/comunicacao_ros2/lib/pkgconfig/comunicacao_ros2.pc'
[7.814s] Level 1:colcon.colcon_core.environment:checking '/home/eduardo/tp1_ws/install/comunicacao_ros2/lib/python3.10/site-packages'
[7.814s] Level 1:colcon.colcon_core.shell:create_environment_hook('comunicacao_ros2', 'pythonpath')
[7.815s] INFO:colcon.colcon_core.shell:Creating environment hook '/home/eduardo/tp1_ws/install/comunicacao_ros2/share/comunicacao_ros2/hook/pythonpath.ps1'
[7.816s] INFO:colcon.colcon_core.shell:Creating environment descriptor '/home/eduardo/tp1_ws/install/comunicacao_ros2/share/comunicacao_ros2/hook/pythonpath.dsv'
[7.817s] INFO:colcon.colcon_core.shell:Creating environment hook '/home/eduardo/tp1_ws/install/comunicacao_ros2/share/comunicacao_ros2/hook/pythonpath.sh'
[7.819s] Level 1:colcon.colcon_core.environment:checking '/home/eduardo/tp1_ws/install/comunicacao_ros2/bin'
[7.820s] Level 1:colcon.colcon_core.environment:create_environment_scripts_only(comunicacao_ros2)
[7.821s] INFO:colcon.colcon_core.shell:Creating package script '/home/eduardo/tp1_ws/install/comunicacao_ros2/share/comunicacao_ros2/package.ps1'
[7.831s] INFO:colcon.colcon_core.shell:Creating package descriptor '/home/eduardo/tp1_ws/install/comunicacao_ros2/share/comunicacao_ros2/package.dsv'
[7.841s] INFO:colcon.colcon_core.shell:Creating package script '/home/eduardo/tp1_ws/install/comunicacao_ros2/share/comunicacao_ros2/package.sh'
[7.845s] INFO:colcon.colcon_core.shell:Creating package script '/home/eduardo/tp1_ws/install/comunicacao_ros2/share/comunicacao_ros2/package.bash'
[7.860s] INFO:colcon.colcon_core.shell:Creating package script '/home/eduardo/tp1_ws/install/comunicacao_ros2/share/comunicacao_ros2/package.zsh'
[7.865s] Level 1:colcon.colcon_core.environment:create_file_with_runtime_dependencies(/home/eduardo/tp1_ws/install/comunicacao_ros2/share/colcon-core/packages/comunicacao_ros2)
[7.866s] DEBUG:colcon.colcon_parallel_executor.executor.parallel:closing loop
[7.869s] DEBUG:colcon.colcon_parallel_executor.executor.parallel:loop closed
[7.870s] DEBUG:colcon.colcon_parallel_executor.executor.parallel:run_until_complete finished with '0'
[7.871s] DEBUG:colcon.colcon_core.event_reactor:joining thread
[7.942s] INFO:colcon.colcon_core.plugin_system:Skipping extension 'colcon_notification.desktop_notification.terminal_notifier': Not used on non-Darwin systems
[7.942s] INFO:colcon.colcon_core.plugin_system:Skipping extension 'colcon_notification.desktop_notification.win32': Not used on non-Windows systems
[7.943s] INFO:colcon.colcon_notification.desktop_notification:Sending desktop notification using 'notify2'
[9.067s] DEBUG:colcon.colcon_core.event_reactor:joined thread
[9.078s] INFO:colcon.colcon_core.shell:Creating prefix script '/home/eduardo/tp1_ws/install/local_setup.ps1'
[9.097s] INFO:colcon.colcon_core.shell:Creating prefix util module '/home/eduardo/tp1_ws/install/_local_setup_util_ps1.py'
[9.115s] INFO:colcon.colcon_core.shell:Creating prefix chain script '/home/eduardo/tp1_ws/install/setup.ps1'
[9.130s] INFO:colcon.colcon_core.shell:Creating prefix script '/home/eduardo/tp1_ws/install/local_setup.sh'
[9.133s] INFO:colcon.colcon_core.shell:Creating prefix util module '/home/eduardo/tp1_ws/install/_local_setup_util_sh.py'
[9.135s] INFO:colcon.colcon_core.shell:Creating prefix chain script '/home/eduardo/tp1_ws/install/setup.sh'
[9.140s] INFO:colcon.colcon_core.shell:Creating prefix script '/home/eduardo/tp1_ws/install/local_setup.bash'
[9.169s] INFO:colcon.colcon_core.shell:Creating prefix chain script '/home/eduardo/tp1_ws/install/setup.bash'
[9.179s] INFO:colcon.colcon_core.shell:Creating prefix script '/home/eduardo/tp1_ws/install/local_setup.zsh'
[9.185s] INFO:colcon.colcon_core.shell:Creating prefix chain script '/home/eduardo/tp1_ws/install/setup.zsh'
